ARM Linker, 5.03 [Build 76] [MDK-ARM Lite]

==============================================================================

Section Cross References

    main.o(i.advertising_init) refers to memseta.o(.text) for __aeabi_memclr4
    main.o(i.advertising_init) refers to ble_advertising.o(i.ble_advertising_init) for ble_advertising_init
    main.o(i.advertising_init) refers to app_error.o(i.app_error_handler) for app_error_handler
    main.o(i.advertising_init) refers to main.o(.data) for .data
    main.o(i.advertising_init) refers to main.o(i.on_adv_evt) for on_adv_evt
    main.o(i.assert_nrf_callback) refers to app_error.o(i.app_error_handler) for app_error_handler
    main.o(i.ble_evt_dispatch) refers to ble_conn_params.o(i.ble_conn_params_on_ble_evt) for ble_conn_params_on_ble_evt
    main.o(i.ble_evt_dispatch) refers to ble_nus.o(i.ble_nus_on_ble_evt) for ble_nus_on_ble_evt
    main.o(i.ble_evt_dispatch) refers to main.o(i.on_ble_evt) for on_ble_evt
    main.o(i.ble_evt_dispatch) refers to ble_advertising.o(i.ble_advertising_on_ble_evt) for ble_advertising_on_ble_evt
    main.o(i.ble_evt_dispatch) refers to bsp_btn_ble.o(i.bsp_btn_ble_on_ble_evt) for bsp_btn_ble_on_ble_evt
    main.o(i.ble_evt_dispatch) refers to main.o(.bss) for .bss
    main.o(i.bsp_event_handler) refers to ble_advertising.o(i.ble_advertising_restart_without_whitelist) for ble_advertising_restart_without_whitelist
    main.o(i.bsp_event_handler) refers to ble_nus.o(i.ble_nus_string_send) for ble_nus_string_send
    main.o(i.bsp_event_handler) refers to app_error.o(i.app_error_handler) for app_error_handler
    main.o(i.bsp_event_handler) refers to main.o(i.sleep_mode_enter) for sleep_mode_enter
    main.o(i.bsp_event_handler) refers to main.o(.data) for .data
    main.o(i.bsp_event_handler) refers to main.o(.bss) for .bss
    main.o(i.conn_params_error_handler) refers to app_error.o(i.app_error_handler) for app_error_handler
    main.o(i.main) refers to app_timer.o(i.app_timer_init) for app_timer_init
    main.o(i.main) refers to app_error.o(i.app_error_handler) for app_error_handler
    main.o(i.main) refers to app_uart_fifo.o(i.app_uart_init) for app_uart_init
    main.o(i.main) refers to bsp.o(i.bsp_init) for bsp_init
    main.o(i.main) refers to bsp_btn_ble.o(i.bsp_btn_ble_init) for bsp_btn_ble_init
    main.o(i.main) refers to softdevice_handler.o(i.softdevice_handler_init) for softdevice_handler_init
    main.o(i.main) refers to softdevice_handler.o(i.softdevice_ble_evt_handler_set) for softdevice_ble_evt_handler_set
    main.o(i.main) refers to ble_nus.o(i.ble_nus_init) for ble_nus_init
    main.o(i.main) refers to main.o(i.advertising_init) for advertising_init
    main.o(i.main) refers to memseta.o(.text) for __aeabi_memclr4
    main.o(i.main) refers to ble_conn_params.o(i.ble_conn_params_init) for ble_conn_params_init
    main.o(i.main) refers to printf2.o(i.__0printf$2) for __2printf
    main.o(i.main) refers to ble_advertising.o(i.ble_advertising_start) for ble_advertising_start
    main.o(i.main) refers to main.o(.bss) for .bss
    main.o(i.main) refers to main.o(.constdata) for .constdata
    main.o(i.main) refers to main.o(i.uart_event_handle) for uart_event_handle
    main.o(i.main) refers to main.o(i.bsp_event_handler) for bsp_event_handler
    main.o(i.main) refers to main.o(i.ble_evt_dispatch) for ble_evt_dispatch
    main.o(i.main) refers to main.o(i.nus_data_handler) for nus_data_handler
    main.o(i.main) refers to main.o(i.on_conn_params_evt) for on_conn_params_evt
    main.o(i.main) refers to main.o(i.conn_params_error_handler) for conn_params_error_handler
    main.o(i.nus_data_handler) refers to app_uart_fifo.o(i.app_uart_put) for app_uart_put
    main.o(i.on_adv_evt) refers to bsp.o(i.bsp_indication_set) for bsp_indication_set
    main.o(i.on_adv_evt) refers to app_error.o(i.app_error_handler) for app_error_handler
    main.o(i.on_adv_evt) refers to main.o(i.sleep_mode_enter) for sleep_mode_enter
    main.o(i.on_ble_evt) refers to app_error.o(i.app_error_handler) for app_error_handler
    main.o(i.on_ble_evt) refers to bsp.o(i.bsp_indication_set) for bsp_indication_set
    main.o(i.on_ble_evt) refers to main.o(.data) for .data
    main.o(i.on_conn_params_evt) refers to app_error.o(i.app_error_handler) for app_error_handler
    main.o(i.on_conn_params_evt) refers to main.o(.data) for .data
    main.o(i.sleep_mode_enter) refers to bsp.o(i.bsp_indication_set) for bsp_indication_set
    main.o(i.sleep_mode_enter) refers to app_error.o(i.app_error_handler) for app_error_handler
    main.o(i.sleep_mode_enter) refers to bsp_btn_ble.o(i.bsp_btn_ble_sleep_mode_prepare) for bsp_btn_ble_sleep_mode_prepare
    main.o(i.uart_event_handle) refers to app_error.o(i.app_error_handler) for app_error_handler
    main.o(i.uart_event_handle) refers to app_uart_fifo.o(i.app_uart_get) for app_uart_get
    main.o(i.uart_event_handle) refers to ble_nus.o(i.ble_nus_string_send) for ble_nus_string_send
[...]
    Removing ble_srv_common.o(i.descriptor_add), (178 bytes).
    Removing ble_srv_common.o(i.set_security_req), (50 bytes).
    Removing app_uart_fifo.o(.rev16_text), (4 bytes).
    Removing app_uart_fifo.o(.revsh_text), (4 bytes).
    Removing app_uart_fifo.o(i.app_uart_close), (10 bytes).
    Removing app_uart_fifo.o(i.app_uart_flush), (28 bytes).
    Removing nrf_delay.o(.rev16_text), (4 bytes).
    Removing nrf_delay.o(.revsh_text), (4 bytes).
    Removing nrf_delay.o(.emb_text), (30 bytes).
    Removing nrf_delay.o(i.nrf_delay_ms), (28 bytes).
    Removing nrf_drv_common.o(.rev16_text), (4 bytes).
    Removing nrf_drv_common.o(.revsh_text), (4 bytes).
    Removing nrf_drv_gpiote.o(.rev16_text), (4 bytes).
    Removing nrf_drv_gpiote.o(.revsh_text), (4 bytes).
    Removing nrf_drv_gpiote.o(i.nrf_drv_gpiote_in_event_addr_get), (24 bytes).
    Removing nrf_drv_gpiote.o(i.nrf_drv_gpiote_in_event_disable), (72 bytes).
    Removing nrf_drv_gpiote.o(i.nrf_drv_gpiote_in_uninit), (76 bytes).
    Removing nrf_drv_gpiote.o(i.nrf_drv_gpiote_out_clear), (16 bytes).
    Removing nrf_drv_gpiote.o(i.nrf_drv_gpiote_out_init), (152 bytes).
    Removing nrf_drv_gpiote.o(i.nrf_drv_gpiote_out_set), (16 bytes).
    Removing nrf_drv_gpiote.o(i.nrf_drv_gpiote_out_task_addr_get), (20 bytes).
    Removing nrf_drv_gpiote.o(i.nrf_drv_gpiote_out_task_disable), (32 bytes).
    Removing nrf_drv_gpiote.o(i.nrf_drv_gpiote_out_task_enable), (48 bytes).
    Removing nrf_drv_gpiote.o(i.nrf_drv_gpiote_out_task_force), (44 bytes).
    Removing nrf_drv_gpiote.o(i.nrf_drv_gpiote_out_task_trigger), (24 bytes).
    Removing nrf_drv_gpiote.o(i.nrf_drv_gpiote_out_toggle), (28 bytes).
    Removing nrf_drv_gpiote.o(i.nrf_drv_gpiote_out_uninit), (68 bytes).
    Removing nrf_drv_gpiote.o(i.nrf_drv_gpiote_uninit), (60 bytes).
    Removing nrf_drv_gpiote.o(i.nrf_gpio_cfg_default), (18 bytes).
    Removing nrf_drv_uart.o(.rev16_text), (4 bytes).
    Removing nrf_drv_uart.o(.revsh_text), (4 bytes).
    Removing nrf_drv_uart.o(i.nrf_drv_uart_errorsrc_get), (24 bytes).
    Removing nrf_drv_uart.o(i.nrf_drv_uart_rx_abort), (24 bytes).
    Removing nrf_drv_uart.o(i.nrf_drv_uart_rx_disable), (24 bytes).
    Removing nrf_drv_uart.o(i.nrf_drv_uart_tx_abort), (44 bytes).
    Removing nrf_drv_uart.o(i.nrf_drv_uart_uninit), (128 bytes).
    Removing nrf_drv_uart.o(i.nrf_gpio_cfg_default), (18 bytes).
    Removing pstorage.o(.rev16_text), (4 bytes).
    Removing pstorage.o(.revsh_text), (4 bytes).
    Removing pstorage.o(i.app_notify), (44 bytes).
    Removing pstorage.o(i.app_notify_error_state_transit), (32 bytes).
    Removing pstorage.o(i.clear_operation_execute), (248 bytes).
    Removing pstorage.o(i.clear_post_processing_run), (36 bytes).
    Removing pstorage.o(i.cmd_process), (56 bytes).
    Removing pstorage.o(i.cmd_queue_element_init), (32 bytes).
    Removing pstorage.o(i.cmd_queue_enqueue), (76 bytes).
    Removing pstorage.o(i.command_end_procedure_run), (60 bytes).
    Removing pstorage.o(i.data_page_erase_state_run), (84 bytes).
    Removing pstorage.o(i.data_to_swap_write_state_run), (40 bytes).
    Removing pstorage.o(i.flash_api_err_code_process), (32 bytes).
    Removing pstorage.o(i.flash_operation_success_run), (128 bytes).
    Removing pstorage.o(i.flash_page_erase), (10 bytes).
    Removing pstorage.o(i.flash_write), (10 bytes).
    Removing pstorage.o(i.head_restore_state_run), (120 bytes).
    Removing pstorage.o(i.is_page_erase_required), (68 bytes).
    Removing pstorage.o(i.is_word_aligned), (12 bytes).
    Removing pstorage.o(i.main_state_err_busy_process), (24 bytes).
    Removing pstorage.o(i.pstorage_block_identifier_get), (84 bytes).
    Removing pstorage.o(i.pstorage_clear), (164 bytes).
    Removing pstorage.o(i.pstorage_flash_page_end), (36 bytes).
    Removing pstorage.o(i.pstorage_flash_page_size), (10 bytes).
    Removing pstorage.o(i.pstorage_init), (76 bytes).
    Removing pstorage.o(i.pstorage_load), (168 bytes).
    Removing pstorage.o(i.pstorage_register), (188 bytes).
    Removing pstorage.o(i.pstorage_store), (144 bytes).
    Removing pstorage.o(i.pstorage_sys_event_handler), (76 bytes).
    Removing pstorage.o(i.pstorage_update), (144 bytes).
    Removing pstorage.o(i.sm_state_change), (72 bytes).
    Removing pstorage.o(i.state_data_erase_swap_entry_run), (100 bytes).
    Removing pstorage.o(i.state_erase_data_page_entry_run), (16 bytes).
    Removing pstorage.o(i.state_restore_head_entry_run), (40 bytes).
    Removing pstorage.o(i.state_restore_tail_entry_run), (76 bytes).
    Removing pstorage.o(i.state_swap_erase_entry_run), (32 bytes).
    Removing pstorage.o(i.state_write_data_swap_entry_run), (48 bytes).
    Removing pstorage.o(i.store_cmd_flash_write_execute), (92 bytes).
    Removing pstorage.o(i.swap_erase_state_run), (28 bytes).
    Removing pstorage.o(i.swap_sub_state_err_busy_process), (24 bytes).
    Removing pstorage.o(i.swap_sub_state_state_change), (20 bytes).
    Removing pstorage.o(i.tail_restore_state_run), (28 bytes).
    Removing pstorage.o(.constdata), (40 bytes).
    Removing twi_hw_master.o(.rev16_text), (4 bytes).
    Removing twi_hw_master.o(.revsh_text), (4 bytes).
    Removing twi_hw_master.o(.emb_text), (30 bytes).
    Removing twi_hw_master.o(i.twi_master_clear_bus), (128 bytes).
    Removing twi_hw_master.o(i.twi_master_init), (84 bytes).
    Removing twi_hw_master.o(i.twi_master_read), (196 bytes).
    Removing twi_hw_master.o(i.twi_master_transfer), (64 bytes).
    Removing twi_hw_master.o(i.twi_master_write), (160 bytes).
    Removing app_button.o(.rev16_text), (4 bytes).
    Removing app_button.o(.revsh_text), (4 bytes).
    Removing app_button.o(i.app_button_disable), (44 bytes).
    Removing app_button.o(i.app_button_is_pushed), (44 bytes).
    Removing app_error.o(.rev16_text), (4 bytes).
    Removing app_error.o(.revsh_text), (4 bytes).
    Removing app_fifo.o(i.app_fifo_flush), (8 bytes).
    Removing app_fifo.o(i.app_fifo_read), (70 bytes).
    Removing app_fifo.o(i.app_fifo_write), (76 bytes).
    Removing app_timer.o(.rev16_text), (4 bytes).
    Removing app_timer.o(.revsh_text), (4 bytes).
    Removing app_timer.o(i.app_timer_cnt_diff_compute), (12 bytes).
    Removing app_timer.o(i.app_timer_cnt_get), (16 bytes).
    Removing app_timer.o(i.app_timer_stop_all), (68 bytes).
    Removing retarget.o(.rev16_text), (4 bytes).
    Removing retarget.o(.revsh_text), (4 bytes).
    Removing retarget.o(i.fgetc), (18 bytes).
    Removing retarget.o(.data), (4 bytes).
    Removing softdevice_handler.o(.rev16_text), (4 bytes).
    Removing softdevice_handler.o(.revsh_text), (4 bytes).
    Removing softdevice_handler.o(i.softdevice_handler_isEnabled), (12 bytes).
    Removing softdevice_handler.o(i.softdevice_handler_sd_disable), (24 bytes).
    Removing softdevice_handler.o(i.softdevice_sys_evt_handler_set), (20 bytes).
    Removing dadd.o(.text), (356 bytes).
    Removing dmul.o(.text), (208 bytes).
    Removing ddiv.o(.text), (240 bytes).
    Removing dfixul.o(.text), (64 bytes).
    Removing cdrcmple.o(.text), (40 bytes).
    Removing depilogue.o(.text), (192 bytes).
    Removing depilogue.o(i.__ARM_clz), (46 bytes).

143 unused section(s) (total 9336 bytes) removed from the image.

==============================================================================

Image Symbol Table

    Local Symbols

    Symbol Name                              Value     Ov Type        Size  Object(Section)

    ../clib/microlib/division.c              0x00000000   Number         0  uldiv.o ABSOLUTE
    ../clib/microlib/division.c              0x00000000   Number         0  uidiv.o ABSOLUTE
    ../clib/microlib/division.c              0x00000000   Number         0  idiv.o ABSOLUTE
    ../clib/microlib/init/entry.s            0x00000000   Number         0  entry7b.o ABSOLUTE
    ../clib/microlib/init/entry.s            0x00000000   Number         0  entry.o ABSOLUTE
    ../clib/microlib/init/entry.s            0x00000000   Number         0  entry9b.o ABSOLUTE
    ../clib/microlib/init/entry.s            0x00000000   Number         0  entry10a.o ABSOLUTE
    ../clib/microlib/init/entry.s            0x00000000   Number         0  entry11a.o ABSOLUTE
    ../clib/microlib/init/entry.s            0x00000000   Number         0  entry8a.o ABSOLUTE
    ../clib/microlib/init/entry.s            0x00000000   Number         0  entry10b.o ABSOLUTE
    ../clib/microlib/init/entry.s            0x00000000   Number         0  entry8b.o ABSOLUTE
    ../clib/microlib/init/entry.s            0x00000000   Number         0  entry2.o ABSOLUTE
    ../clib/microlib/init/entry.s            0x00000000   Number         0  entry5.o ABSOLUTE
    ../clib/microlib/init/entry.s            0x00000000   Number         0  entry7a.o ABSOLUTE
    ../clib/microlib/init/entry.s            0x00000000   Number         0  entry9a.o ABSOLUTE
    ../clib/microlib/init/entry.s            0x00000000   Number         0  entry11b.o ABSOLUTE
    ../clib/microlib/longlong.c              0x00000000   Number         0  llushr.o ABSOLUTE
    ../clib/microlib/longlong.c              0x00000000   Number         0  llsshr.o ABSOLUTE
    ../clib/microlib/longlong.c              0x00000000   Number         0  llshl.o ABSOLUTE
    ../clib/microlib/printf/printf.c         0x00000000   Number         0  printf3.o ABSOLUTE
    ../clib/microlib/printf/printf.c         0x00000000   Number         0  printf4.o ABSOLUTE
    ../clib/microlib/printf/printf.c         0x00000000   Number         0  printf5.o ABSOLUTE
    ../clib/microlib/printf/printf.c         0x00000000   Number         0  printf6.o ABSOLUTE
    ../clib/microlib/printf/printf.c         0x00000000   Number         0  printf7.o ABSOLUTE
    ../clib/microlib/printf/printf.c         0x00000000   Number         0  printf8.o ABSOLUTE
    ../clib/microlib/printf/printf.c         0x00000000   Number         0  printf2.o ABSOLUTE
    ../clib/microlib/printf/printf.c         0x00000000   Number         0  printf1.o ABSOLUTE
    ../clib/microlib/printf/printf.c         0x00000000   Number         0  printfa.o ABSOLUTE
    ../clib/microlib/printf/printf.c         0x00000000   Number         0  printfb.o ABSOLUTE
    ../clib/microlib/printf/printf.c         0x00000000   Number         0  printf0.o ABSOLUTE
    ../clib/microlib/printf/stubs.s          0x00000000   Number         0  stubs.o ABSOLUTE
    ../clib/microlib/string/memcpy.c         0x00000000   Number         0  memcpyb.o ABSOLUTE
    ../clib/microlib/string/memcpy.c         0x00000000   Number         0  memcpya.o ABSOLUTE
    ../clib/microlib/string/memset.c         0x00000000   Number         0  memseta.o ABSOLUTE
    ../clib/microlib/string/strlen.c         0x00000000   Number         0  strlen.o ABSOLUTE
    ../clib/microlib/stubs.s                 0x00000000   Number         0  iusefp.o ABSOLUTE
    ../fplib/microlib/fpadd.c                0x00000000   Number         0  dadd.o ABSOLUTE
    ../fplib/microlib/fpdiv.c                0x00000000   Number         0  ddiv.o ABSOLUTE
    ../fplib/microlib/fpepilogue.c           0x00000000   Number         0  depilogue.o ABSOLUTE
    ../fplib/microlib/fpfix.c                0x00000000   Number         0  dfixul.o ABSOLUTE
    ../fplib/microlib/fpmul.c                0x00000000   Number         0  dmul.o ABSOLUTE
    ..\..\..\..\..\..\components\ble\ble_advertising\ble_advertising.c 0x00000000   Number         0  ble_advertising.o ABSOLUTE
    ..\..\..\..\..\..\components\ble\ble_services\ble_nus\ble_nus.c 0x00000000   Number         0  ble_nus.o ABSOLUTE
    ..\..\..\..\..\..\components\ble\common\ble_advdata.c 0x00000000   Number         0  ble_advdata.o ABSOLUTE
    ..\..\..\..\..\..\components\ble\common\ble_conn_params.c 0x00000000   Number         0  ble_conn_params.o ABSOLUTE
    ..\..\..\..\..\..\components\ble\common\ble_srv_common.c 0x00000000   Number         0  ble_srv_common.o ABSOLUTE
    ..\..\..\..\..\..\components\drivers_nrf\common\nrf_drv_common.c 0x00000000   Number         0  nrf_drv_common.o ABSOLUTE
    ..\..\..\..\..\..\components\drivers_nrf\delay\nrf_delay.c 0x00000000   Number         0  nrf_delay.o ABSOLUTE
    ..\..\..\..\..\..\components\drivers_nrf\gpiote\nrf_drv_gpiote.c 0x00000000   Number         0  nrf_drv_gpiote.o ABSOLUTE
    ..\..\..\..\..\..\components\drivers_nrf\pstorage\pstorage.c 0x00000000   Number         0  pstorage.o ABSOLUTE
    ..\..\..\..\..\..\components\drivers_nrf\uart\nrf_drv_uart.c 0x00000000   Number         0  nrf_drv_uart.o ABSOLUTE
    ..\..\..\..\..\..\components\libraries\button\app_button.c 0x00000000   Number         0  app_button.o ABSOLUTE
    ..\..\..\..\..\..\components\libraries\fifo\app_fifo.c 0x00000000   Number         0  app_fifo.o ABSOLUTE
    ..\..\..\..\..\..\components\libraries\timer\app_timer.c 0x00000000   Number         0  app_timer.o ABSOLUTE
    ..\..\..\..\..\..\components\libraries\trace\app_trace.c 0x00000000   Number         0  app_trace.o ABSOLUTE
    ..\..\..\..\..\..\components\libraries\uart\app_uart_fifo.c 0x00000000   Number         0  app_uart_fifo.o ABSOLUTE
    ..\..\..\..\..\..\components\libraries\uart\retarget.c 0x00000000   Number         0  retarget.o ABSOLUTE
    ..\..\..\..\..\..\components\libraries\util\app_error.c 0x00000000   Number         0  app_error.o ABSOLUTE
    ..\..\..\..\..\..\components\libraries\util\nrf_assert.c 0x00000000   Number         0  nrf_assert.o ABSOLUTE
    ..\..\..\..\..\..\components\softdevice\common\softdevice_handler\softdevice_handler.c 0x00000000   Number         0  softdevice_handler.o ABSOLUTE
    ..\..\..\..\..\..\components\toolchain\arm\arm_startup_nrf51.s 0x00000000   Number         0  arm_startup_nrf51.o ABSOLUTE
    ..\..\..\..\..\..\components\toolchain\system_nrf51.c 0x00000000   Number         0  system_nrf51.o ABSOLUTE
    ..\..\..\..\..\bsp\bsp.c                 0x00000000   Number         0  bsp.o ABSOLUTE
    ..\..\..\..\..\bsp\bsp_btn_ble.c         0x00000000   Number         0  bsp_btn_ble.o ABSOLUTE
    ..\..\..\main.c                          0x00000000   Number         0  main.o ABSOLUTE
    ..\..\..\twi_hw_master.c                 0x00000000   Number         0  twi_hw_master.o ABSOLUTE
    ..\\..\\..\\..\\..\\..\\components\\ble\\ble_advertising\\ble_advertising.c 0x00000000   Number         0  ble_advertising.o ABSOLUTE
    ..\\..\\..\\..\\..\\..\\components\\drivers_nrf\\common\\nrf_drv_common.c 0x00000000   Number         0  nrf_drv_common.o ABSOLUTE
    ..\\..\\..\\..\\..\\..\\components\\drivers_nrf\\delay\\nrf_delay.c 0x00000000   Number         0  nrf_delay.o ABSOLUTE
    ..\\..\\..\\..\\..\\..\\components\\drivers_nrf\\gpiote\\nrf_drv_gpiote.c 0x00000000   Number         0  nrf_drv_gpiote.o ABSOLUTE
    ..\\..\\..\\..\\..\\..\\components\\drivers_nrf\\pstorage\\pstorage.c 0x00000000   Number         0  pstorage.o ABSOLUTE
    ..\\..\\..\\..\\..\\..\\components\\drivers_nrf\\uart\\nrf_drv_uart.c 0x00000000   Number         0  nrf_drv_uart.o ABSOLUTE
    ..\\..\\..\\..\\..\\..\\components\\libraries\\button\\app_button.c 0x00000000   Number         0  app_button.o ABSOLUTE
    ..\\..\\..\\..\\..\\..\\components\\libraries\\timer\\app_timer.c 0x00000000   Number         0  app_timer.o ABSOLUTE
    ..\\..\\..\\..\\..\\..\\components\\libraries\\uart\\app_uart_fifo.c 0x00000000   Number         0  app_uart_fifo.o ABSOLUTE
    ..\\..\\..\\..\\..\\..\\components\\libraries\\uart\\retarget.c 0x00000000   Number         0  retarget.o ABSOLUTE
    ..\\..\\..\\..\\..\\..\\components\\libraries\\util\\app_error.c 0x00000000   Number         0  app_error.o ABSOLUTE
    ..\\..\\..\\..\\..\\..\\components\\softdevice\\common\\softdevice_handler\\softdevice_handler.c 0x00000000   Number         0  softdevice_handler.o ABSOLUTE
    ..\\..\\..\\..\\..\\..\\components\\toolchain\\system_nrf51.c 0x00000000   Number         0  system_nrf51.o ABSOLUTE
    ..\\..\\..\\..\\..\\bsp\\bsp.c           0x00000000   Number         0  bsp.o ABSOLUTE
    ..\\..\\..\\..\\..\\bsp\\bsp_btn_ble.c   0x00000000   Number         0  bsp_btn_ble.o ABSOLUTE
    ..\\..\\..\\main.c                       0x00000000   Number         0  main.o ABSOLUTE
    ..\\..\\..\\twi_hw_master.c              0x00000000   Number         0  twi_hw_master.o ABSOLUTE
    cdrcmple.s                               0x00000000   Number         0  cdrcmple.o ABSOLUTE
    dc.s                                     0x00000000   Number         0  dc.o ABSOLUTE
    handlers.s                               0x00000000   Number         0  handlers.o ABSOLUTE
    init.s                                   0x00000000   Number         0  init.o ABSOLUTE
    RESET                                    0x00018000   Section      192  arm_startup_nrf51.o(RESET)
    .ARM.Collect$$$$00000000                 0x000180c0   Section        0  entry.o(.ARM.Collect$$$$00000000)
    .ARM.Collect$$$$00000001                 0x000180c0   Section        4  entry2.o(.ARM.Collect$$$$00000001)
    .ARM.Collect$$$$00000004                 0x000180c4   Section        4  entry5.o(.ARM.Collect$$$$00000004)
    .ARM.Collect$$$$00000008                 0x000180c8   Section        0  entry7b.o(.ARM.Collect$$$$00000008)
    .ARM.Collect$$$$0000000A                 0x000180c8   Section        0  entry8b.o(.ARM.Collect$$$$0000000A)
    .ARM.Collect$$$$0000000B                 0x000180c8   Section        8  entry9a.o(.ARM.Collect$$$$0000000B)
    .ARM.Collect$$$$0000000D                 0x000180d0   Section        0  entry10a.o(.ARM.Collect$$$$0000000D)
    .ARM.Collect$$$$0000000F                 0x000180d0   Section        0  entry11a.o(.ARM.Collect$$$$0000000F)
    .ARM.Collect$$$$00002712                 0x000180d0   Section        4  entry2.o(.ARM.Collect$$$$00002712)
    __lit__00000000                          0x000180d0   Data           4  entry2.o(.ARM.Collect$$$$00002712)
    .emb_text                                0x000180d4   Section       30  app_timer.o(.emb_text)
    .text                                    0x000180f4   Section       56  arm_startup_nrf51.o(.text)
    .text                                    0x0001812c   Section        0  uidiv.o(.text)
    .text                                    0x00018158   Section        0  memcpya.o(.text)
    .text                                    0x0001817c   Section        0  memseta.o(.text)
    .text                                    0x000181a0   Section       36  init.o(.text)
    i.GPIOTE_IRQHandler                      0x000181c4   Section        0  nrf_drv_gpiote.o(i.GPIOTE_IRQHandler)
    i.NVIC_SetPriority                       0x000182cc   Section        0  app_timer.o(i.NVIC_SetPriority)
    NVIC_SetPriority                         0x000182cd   Thumb Code    60  app_timer.o(i.NVIC_SetPriority)
    i.RTC1_IRQHandler                        0x00018310   Section        0  app_timer.o(i.RTC1_IRQHandler)
    i.SWI0_IRQHandler                        0x00018330   Section        0  app_timer.o(i.SWI0_IRQHandler)
    i.SWI2_IRQHandler                        0x00018338   Section        0  softdevice_handler.o(i.SWI2_IRQHandler)
    i.SystemInit                             0x0001835c   Section        0  system_nrf51.o(i.SystemInit)
    i.UART0_IRQHandler                       0x000183b0   Section        0  nrf_drv_uart.o(i.UART0_IRQHandler)
    i.__0printf$2                            0x000184b0   Section        0  printf2.o(i.__0printf$2)
    i.__ARM_common_switch8                   0x000184d0   Section        0  bsp.o(i.__ARM_common_switch8)
    i.__scatterload_copy                     0x000184ea   Section       14  handlers.o(i.__scatterload_copy)
    i.__scatterload_null                     0x000184f8   Section        2  handlers.o(i.__scatterload_null)
    i.__scatterload_zeroinit                 0x000184fa   Section       14  handlers.o(i.__scatterload_zeroinit)
    i._printf_core                           0x00018508   Section        0  printf2.o(i._printf_core)
    _printf_core                             0x00018509   Thumb Code   202  printf2.o(i._printf_core)
    i.adv_data_encode                        0x000185d2   Section        0  ble_advdata.o(i.adv_data_encode)
    i.advertising_buttons_configure          0x000187e8   Section        0  bsp_btn_ble.o(i.advertising_buttons_configure)
    advertising_buttons_configure            0x000187e9   Thumb Code    60  bsp_btn_ble.o(i.advertising_buttons_configure)
    i.advertising_init                       0x00018824   Section        0  main.o(i.advertising_init)
    advertising_init                         0x00018825   Thumb Code    94  main.o(i.advertising_init)
    i.alert_timer_handler                    0x0001888c   Section        0  bsp.o(i.alert_timer_handler)
    alert_timer_handler                      0x0001888d   Thumb Code    20  bsp.o(i.alert_timer_handler)
    i.app_button_enable                      0x000188a4   Section        0  app_button.o(i.app_button_enable)
    i.app_button_init                        0x000188c8   Section        0  app_button.o(i.app_button_init)
    i.app_error_handler                      0x0001893c   Section        0  app_error.o(i.app_error_handler)
    i.app_fifo_get                           0x00018954   Section        0  app_fifo.o(i.app_fifo_get)
    i.app_fifo_init                          0x0001896a   Section        0  app_fifo.o(i.app_fifo_init)
    i.app_fifo_put                           0x0001898e   Section        0  app_fifo.o(i.app_fifo_put)
    i.app_timer_create                       0x000189a8   Section        0  app_timer.o(i.app_timer_create)
    i.app_timer_init                         0x000189d4   Section        0  app_timer.o(i.app_timer_init)
    i.app_timer_start                        0x00018a64   Section        0  app_timer.o(i.app_timer_start)
    i.app_timer_stop                         0x00018ae0   Section        0  app_timer.o(i.app_timer_stop)
    i.app_uart_get                           0x00018b34   Section        0  app_uart_fifo.o(i.app_uart_get)
    i.app_uart_init                          0x00018b68   Section        0  app_uart_fifo.o(i.app_uart_init)
    i.app_uart_put                           0x00018c08   Section        0  app_uart_fifo.o(i.app_uart_put)
    i.ble_advdata_set                        0x00018c30   Section        0  ble_advdata.o(i.ble_advdata_set)
    i.ble_advertising_init                   0x00018c98   Section        0  ble_advertising.o(i.ble_advertising_init)
    i.ble_advertising_on_ble_evt             0x00018dbc   Section        0  ble_advertising.o(i.ble_advertising_on_ble_evt)
    i.ble_advertising_peer_address_clear     0x00018e30   Section        0  ble_advertising.o(i.ble_advertising_peer_address_clear)
    ble_advertising_peer_address_clear       0x00018e31   Thumb Code    12  ble_advertising.o(i.ble_advertising_peer_address_clear)
    i.ble_advertising_restart_without_whitelist 0x00018e40   Section        0  ble_advertising.o(i.ble_advertising_restart_without_whitelist)
    i.ble_advertising_start                  0x00018e80   Section        0  ble_advertising.o(i.ble_advertising_start)
    i.ble_conn_params_init                   0x00019060   Section        0  ble_conn_params.o(i.ble_conn_params_init)
    i.ble_conn_params_on_ble_evt             0x000190b4   Section        0  ble_conn_params.o(i.ble_conn_params_on_ble_evt)
    i.ble_device_addr_encode                 0x00019144   Section        0  ble_advdata.o(i.ble_device_addr_encode)
    ble_device_addr_encode                   0x00019145   Thumb Code    94  ble_advdata.o(i.ble_device_addr_encode)
    i.ble_evt_dispatch                       0x000191a4   Section        0  main.o(i.ble_evt_dispatch)
    ble_evt_dispatch                         0x000191a5   Thumb Code    36  main.o(i.ble_evt_dispatch)
    i.ble_nus_init                           0x000191cc   Section        0  ble_nus.o(i.ble_nus_init)
    i.ble_nus_on_ble_evt                     0x00019234   Section        0  ble_nus.o(i.ble_nus_on_ble_evt)
    i.ble_nus_string_send                    0x0001928c   Section        0  ble_nus.o(i.ble_nus_string_send)
    i.bsp_btn_ble_init                       0x000192e0   Section        0  bsp_btn_ble.o(i.bsp_btn_ble_init)
    i.bsp_btn_ble_on_ble_evt                 0x00019334   Section        0  bsp_btn_ble.o(i.bsp_btn_ble_on_ble_evt)
    i.bsp_btn_ble_sleep_mode_prepare         0x000193ac   Section        0  bsp_btn_ble.o(i.bsp_btn_ble_sleep_mode_prepare)
    i.bsp_button_event_handler               0x000193c0   Section        0  bsp.o(i.bsp_button_event_handler)
    bsp_button_event_handler                 0x000193c1   Thumb Code   148  bsp.o(i.bsp_button_event_handler)
    i.bsp_button_is_pressed                  0x00019460   Section        0  bsp.o(i.bsp_button_is_pressed)
    i.bsp_event_handler                      0x0001948c   Section        0  main.o(i.bsp_event_handler)
    i.bsp_event_to_button_action_assign      0x000194e4   Section        0  bsp.o(i.bsp_event_to_button_action_assign)
    i.bsp_indication_set                     0x0001952c   Section        0  bsp.o(i.bsp_indication_set)
    i.bsp_init                               0x00019548   Section        0  bsp.o(i.bsp_init)
    i.bsp_led_indication                     0x000195e8   Section        0  bsp.o(i.bsp_led_indication)
    bsp_led_indication                       0x000195e9   Thumb Code   494  bsp.o(i.bsp_led_indication)
    i.bsp_wakeup_buttons_set                 0x000197e4   Section        0  bsp.o(i.bsp_wakeup_buttons_set)
    i.button_timer_handler                   0x00019820   Section        0  bsp.o(i.button_timer_handler)
    button_timer_handler                     0x00019821   Thumb Code    12  bsp.o(i.button_timer_handler)
    i.channel_free                           0x0001982c   Section        0  nrf_drv_gpiote.o(i.channel_free)
    channel_free                             0x0001982d   Thumb Code    22  nrf_drv_gpiote.o(i.channel_free)
    i.channel_port_alloc                     0x00019848   Section        0  nrf_drv_gpiote.o(i.channel_port_alloc)
    channel_port_alloc                       0x00019849   Thumb Code    66  nrf_drv_gpiote.o(i.channel_port_alloc)
    i.channel_port_get                       0x00019890   Section        0  nrf_drv_gpiote.o(i.channel_port_get)
    channel_port_get                         0x00019891   Thumb Code    10  nrf_drv_gpiote.o(i.channel_port_get)
    i.compare_reg_update                     0x000198a0   Section        0  app_timer.o(i.compare_reg_update)
    compare_reg_update                       0x000198a1   Thumb Code   142  app_timer.o(i.compare_reg_update)
    i.conn_int_encode                        0x00019948   Section        0  ble_advdata.o(i.conn_int_encode)
    conn_int_encode                          0x00019949   Thumb Code   130  ble_advdata.o(i.conn_int_encode)
    i.conn_params_error_handler              0x000199d0   Section        0  main.o(i.conn_params_error_handler)
    conn_params_error_handler                0x000199d1   Thumb Code    12  main.o(i.conn_params_error_handler)
    i.conn_params_negotiation                0x000199dc   Section        0  ble_conn_params.o(i.conn_params_negotiation)
    conn_params_negotiation                  0x000199dd   Thumb Code    92  ble_conn_params.o(i.conn_params_negotiation)
    i.detection_delay_timeout_handler        0x00019a44   Section        0  app_button.o(i.detection_delay_timeout_handler)
    detection_delay_timeout_handler          0x00019a45   Thumb Code    92  app_button.o(i.detection_delay_timeout_handler)
    i.elapsed_ticks_acquire                  0x00019aa4   Section        0  app_timer.o(i.elapsed_ticks_acquire)
    elapsed_ticks_acquire                    0x00019aa5   Thumb Code    58  app_timer.o(i.elapsed_ticks_acquire)
    i.fifo_get                               0x00019ae4   Section        0  app_fifo.o(i.fifo_get)
    fifo_get                                 0x00019ae5   Thumb Code    20  app_fifo.o(i.fifo_get)
    i.fifo_put                               0x00019af8   Section        0  app_fifo.o(i.fifo_put)
    fifo_put                                 0x00019af9   Thumb Code    18  app_fifo.o(i.fifo_put)
    i.fputc                                  0x00019b0a   Section        0  retarget.o(i.fputc)
    i.gpiote_event_handler                   0x00019b18   Section        0  app_button.o(i.gpiote_event_handler)
    gpiote_event_handler                     0x00019b19   Thumb Code    74  app_button.o(i.gpiote_event_handler)
    i.intern_softdevice_events_execute       0x00019b6c   Section        0  softdevice_handler.o(i.intern_softdevice_events_execute)
    i.is_conn_params_ok                      0x00019bec   Section        0  ble_conn_params.o(i.is_conn_params_ok)
    is_conn_params_ok                        0x00019bed   Thumb Code    24  ble_conn_params.o(i.is_conn_params_ok)
    i.is_manual_peripheral_setup_needed      0x00019c08   Section        0  system_nrf51.o(i.is_manual_peripheral_setup_needed)
    is_manual_peripheral_setup_needed        0x00019c09   Thumb Code    66  system_nrf51.o(i.is_manual_peripheral_setup_needed)
    i.le_role_encode                         0x00019c50   Section        0  ble_advdata.o(i.le_role_encode)
    le_role_encode                           0x00019c51   Thumb Code    84  ble_advdata.o(i.le_role_encode)
    i.leds_timer_handler                     0x00019ca4   Section        0  bsp.o(i.leds_timer_handler)
    leds_timer_handler                       0x00019ca5   Thumb Code    18  bsp.o(i.leds_timer_handler)
    i.list_deletions_handler                 0x00019cbc   Section        0  app_timer.o(i.list_deletions_handler)
    list_deletions_handler                   0x00019cbd   Thumb Code   180  app_timer.o(i.list_deletions_handler)
    i.list_insertions_handler                0x00019d78   Section        0  app_timer.o(i.list_insertions_handler)
    list_insertions_handler                  0x00019d79   Thumb Code   202  app_timer.o(i.list_insertions_handler)
    i.main                                   0x00019e4c   Section        0  main.o(i.main)
    i.manuf_specific_data_encode             0x0001a038   Section        0  ble_advdata.o(i.manuf_specific_data_encode)
    manuf_specific_data_encode               0x0001a039   Thumb Code   104  ble_advdata.o(i.manuf_specific_data_encode)
    i.name_encode                            0x0001a0a0   Section        0  ble_advdata.o(i.name_encode)
    name_encode                              0x0001a0a1   Thumb Code   158  ble_advdata.o(i.name_encode)
    i.nrf_drv_common_irq_enable              0x0001a140   Section        0  nrf_drv_common.o(i.nrf_drv_common_irq_enable)
    i.nrf_drv_gpiote_in_event_enable         0x0001a1a0   Section        0  nrf_drv_gpiote.o(i.nrf_drv_gpiote_in_event_enable)
    i.nrf_drv_gpiote_in_init                 0x0001a240   Section        0  nrf_drv_gpiote.o(i.nrf_drv_gpiote_in_init)
    i.nrf_drv_gpiote_in_is_set               0x0001a2dc   Section        0  nrf_drv_gpiote.o(i.nrf_drv_gpiote_in_is_set)
    i.nrf_drv_gpiote_init                    0x0001a2f0   Section        0  nrf_drv_gpiote.o(i.nrf_drv_gpiote_init)
    i.nrf_drv_gpiote_is_init                 0x0001a344   Section        0  nrf_drv_gpiote.o(i.nrf_drv_gpiote_is_init)
    i.nrf_drv_uart_init                      0x0001a354   Section        0  nrf_drv_uart.o(i.nrf_drv_uart_init)
    i.nrf_drv_uart_rx                        0x0001a414   Section        0  nrf_drv_uart.o(i.nrf_drv_uart_rx)
    i.nrf_drv_uart_rx_enable                 0x0001a4c8   Section        0  nrf_drv_uart.o(i.nrf_drv_uart_rx_enable)
    i.nrf_drv_uart_tx                        0x0001a4e0   Section        0  nrf_drv_uart.o(i.nrf_drv_uart_tx)
    i.nrf_gpio_cfg                           0x0001a56c   Section        0  nrf_drv_gpiote.o(i.nrf_gpio_cfg)
    nrf_gpio_cfg                             0x0001a56d   Thumb Code    32  nrf_drv_gpiote.o(i.nrf_gpio_cfg)
    i.nrf_gpio_cfg                           0x0001a590   Section        0  nrf_drv_uart.o(i.nrf_gpio_cfg)
    nrf_gpio_cfg                             0x0001a591   Thumb Code    32  nrf_drv_uart.o(i.nrf_gpio_cfg)
    i.nrf_gpio_cfg_input                     0x0001a5b4   Section        0  nrf_drv_uart.o(i.nrf_gpio_cfg_input)
    nrf_gpio_cfg_input                       0x0001a5b5   Thumb Code    18  nrf_drv_uart.o(i.nrf_gpio_cfg_input)
    i.nrf_gpio_cfg_output                    0x0001a5c6   Section        0  nrf_drv_uart.o(i.nrf_gpio_cfg_output)
    nrf_gpio_cfg_output                      0x0001a5c7   Thumb Code    20  nrf_drv_uart.o(i.nrf_gpio_cfg_output)
    i.nrf_gpio_cfg_sense_set                 0x0001a5dc   Section        0  nrf_drv_gpiote.o(i.nrf_gpio_cfg_sense_set)
    nrf_gpio_cfg_sense_set                   0x0001a5dd   Thumb Code    26  nrf_drv_gpiote.o(i.nrf_gpio_cfg_sense_set)
    i.nrf_gpiote_event_is_set                0x0001a5fc   Section        0  nrf_drv_gpiote.o(i.nrf_gpiote_event_is_set)
    nrf_gpiote_event_is_set                  0x0001a5fd   Thumb Code    14  nrf_drv_gpiote.o(i.nrf_gpiote_event_is_set)
    i.nrf_uart_errorsrc_get_and_clear        0x0001a610   Section        0  nrf_drv_uart.o(i.nrf_uart_errorsrc_get_and_clear)
    nrf_uart_errorsrc_get_and_clear          0x0001a611   Thumb Code    12  nrf_drv_uart.o(i.nrf_uart_errorsrc_get_and_clear)
    i.nrf_uart_event_check                   0x0001a61c   Section        0  nrf_drv_uart.o(i.nrf_uart_event_check)
    nrf_uart_event_check                     0x0001a61d   Thumb Code    10  nrf_drv_uart.o(i.nrf_uart_event_check)
    i.nrf_uart_hwfc_pins_set                 0x0001a626   Section        0  nrf_drv_uart.o(i.nrf_uart_hwfc_pins_set)
    nrf_uart_hwfc_pins_set                   0x0001a627   Thumb Code    12  nrf_drv_uart.o(i.nrf_uart_hwfc_pins_set)
    i.nrf_uart_int_enable_check              0x0001a632   Section        0  nrf_drv_uart.o(i.nrf_uart_int_enable_check)
    nrf_uart_int_enable_check                0x0001a633   Thumb Code    16  nrf_drv_uart.o(i.nrf_uart_int_enable_check)
    i.nrf_uart_txrx_pins_set                 0x0001a642   Section        0  nrf_drv_uart.o(i.nrf_uart_txrx_pins_set)
    nrf_uart_txrx_pins_set                   0x0001a643   Thumb Code    12  nrf_drv_uart.o(i.nrf_uart_txrx_pins_set)
    i.nus_data_handler                       0x0001a650   Section        0  main.o(i.nus_data_handler)
    nus_data_handler                         0x0001a651   Thumb Code    46  main.o(i.nus_data_handler)
    i.on_adv_evt                             0x0001a684   Section        0  main.o(i.on_adv_evt)
    on_adv_evt                               0x0001a685   Thumb Code    36  main.o(i.on_adv_evt)
    i.on_ble_evt                             0x0001a6a8   Section        0  main.o(i.on_ble_evt)
    on_ble_evt                               0x0001a6a9   Thumb Code   108  main.o(i.on_ble_evt)
    i.on_conn_params_evt                     0x0001a718   Section        0  main.o(i.on_conn_params_evt)
    on_conn_params_evt                       0x0001a719   Thumb Code    30  main.o(i.on_conn_params_evt)
    i.peer_address_exists                    0x0001a73c   Section        0  ble_advertising.o(i.peer_address_exists)
    peer_address_exists                      0x0001a73d   Thumb Code    22  ble_advertising.o(i.peer_address_exists)
    i.pin_in_use_by_gpiote                   0x0001a754   Section        0  nrf_drv_gpiote.o(i.pin_in_use_by_gpiote)
    pin_in_use_by_gpiote                     0x0001a755   Thumb Code    14  nrf_drv_gpiote.o(i.pin_in_use_by_gpiote)
    i.pin_in_use_by_port                     0x0001a768   Section        0  nrf_drv_gpiote.o(i.pin_in_use_by_port)
    pin_in_use_by_port                       0x0001a769   Thumb Code    20  nrf_drv_gpiote.o(i.pin_in_use_by_port)
    i.pin_in_use_by_te                       0x0001a780   Section        0  nrf_drv_gpiote.o(i.pin_in_use_by_te)
    pin_in_use_by_te                         0x0001a781   Thumb Code    20  nrf_drv_gpiote.o(i.pin_in_use_by_te)
    i.pstorage_access_status_get             0x0001a798   Section        0  pstorage.o(i.pstorage_access_status_get)
    i.rtc1_stop                              0x0001a7c0   Section        0  app_timer.o(i.rtc1_stop)
    rtc1_stop                                0x0001a7c1   Thumb Code    50  app_timer.o(i.rtc1_stop)
    i.rx_byte                                0x0001a804   Section        0  nrf_drv_uart.o(i.rx_byte)
    rx_byte                                  0x0001a805   Thumb Code    30  nrf_drv_uart.o(i.rx_byte)
    i.rx_char_add                            0x0001a830   Section        0  ble_nus.o(i.rx_char_add)
    rx_char_add                              0x0001a831   Thumb Code   154  ble_nus.o(i.rx_char_add)
    i.rx_done_event                          0x0001a8cc   Section        0  nrf_drv_uart.o(i.rx_done_event)
    rx_done_event                            0x0001a8cd   Thumb Code    28  nrf_drv_uart.o(i.rx_done_event)
    i.rx_enable                              0x0001a8ec   Section        0  nrf_drv_uart.o(i.rx_enable)
    rx_enable                                0x0001a8ed   Thumb Code    22  nrf_drv_uart.o(i.rx_enable)
    i.service_data_encode                    0x0001a908   Section        0  ble_advdata.o(i.service_data_encode)
    service_data_encode                      0x0001a909   Thumb Code   142  ble_advdata.o(i.service_data_encode)
    i.sleep_mode_enter                       0x0001a996   Section        0  main.o(i.sleep_mode_enter)
    sleep_mode_enter                         0x0001a997   Thumb Code    52  main.o(i.sleep_mode_enter)
    i.softdevice_assertion_handler           0x0001a9ca   Section        0  softdevice_handler.o(i.softdevice_assertion_handler)
    i.softdevice_ble_evt_handler_set         0x0001a9d8   Section        0  softdevice_handler.o(i.softdevice_ble_evt_handler_set)
    i.softdevice_handler_init                0x0001a9ec   Section        0  softdevice_handler.o(i.softdevice_handler_init)
    i.timer_list_handler                     0x0001aa1c   Section        0  app_timer.o(i.timer_list_handler)
    timer_list_handler                       0x0001aa1d   Thumb Code   128  app_timer.o(i.timer_list_handler)
    i.timer_list_handler_sched               0x0001aaa0   Section        0  app_timer.o(i.timer_list_handler_sched)
    timer_list_handler_sched                 0x0001aaa1   Thumb Code    10  app_timer.o(i.timer_list_handler_sched)
    i.timer_list_insert                      0x0001aab0   Section        0  app_timer.o(i.timer_list_insert)
    timer_list_insert                        0x0001aab1   Thumb Code    60  app_timer.o(i.timer_list_insert)
    i.timer_timeouts_check                   0x0001aaf0   Section        0  app_timer.o(i.timer_timeouts_check)
    timer_timeouts_check                     0x0001aaf1   Thumb Code   122  app_timer.o(i.timer_timeouts_check)
    i.tx_byte                                0x0001ab74   Section        0  nrf_drv_uart.o(i.tx_byte)
    tx_byte                                  0x0001ab75   Thumb Code    30  nrf_drv_uart.o(i.tx_byte)
    i.tx_char_add                            0x0001aba0   Section        0  ble_nus.o(i.tx_char_add)
    tx_char_add                              0x0001aba1   Thumb Code   124  ble_nus.o(i.tx_char_add)
    i.tx_done_event                          0x0001ac1c   Section        0  nrf_drv_uart.o(i.tx_done_event)
    tx_done_event                            0x0001ac1d   Thumb Code    26  nrf_drv_uart.o(i.tx_done_event)
    i.uart_event_handle                      0x0001ac3c   Section        0  main.o(i.uart_event_handle)
    i.uart_event_handler                     0x0001aca4   Section        0  app_uart_fifo.o(i.uart_event_handler)
    uart_event_handler                       0x0001aca5   Thumb Code   156  app_uart_fifo.o(i.uart_event_handler)
    i.uint16_encode                          0x0001ad48   Section        0  ble_advdata.o(i.uint16_encode)
    uint16_encode                            0x0001ad49   Thumb Code    10  ble_advdata.o(i.uint16_encode)
    i.update_timeout_handler                 0x0001ad54   Section        0  ble_conn_params.o(i.update_timeout_handler)
    update_timeout_handler                   0x0001ad55   Thumb Code    86  ble_conn_params.o(i.update_timeout_handler)
    i.user_id_get                            0x0001adb8   Section        0  app_timer.o(i.user_id_get)
    user_id_get                              0x0001adb9   Thumb Code    74  app_timer.o(i.user_id_get)
    i.user_op_alloc                          0x0001ae0c   Section        0  app_timer.o(i.user_op_alloc)
    user_op_alloc                            0x0001ae0d   Thumb Code    38  app_timer.o(i.user_op_alloc)
    i.uuid_list_encode                       0x0001ae32   Section        0  ble_advdata.o(i.uuid_list_encode)
    uuid_list_encode                         0x0001ae33   Thumb Code    48  ble_advdata.o(i.uuid_list_encode)
    i.uuid_list_sized_encode                 0x0001ae62   Section        0  ble_advdata.o(i.uuid_list_sized_encode)
    uuid_list_sized_encode                   0x0001ae63   Thumb Code   174  ble_advdata.o(i.uuid_list_sized_encode)
    i.whitelist_has_entries                  0x0001af10   Section        0  ble_advertising.o(i.whitelist_has_entries)
    whitelist_has_entries                    0x0001af11   Thumb Code    16  ble_advertising.o(i.whitelist_has_entries)
    .constdata                               0x0001af20   Section       12  main.o(.constdata)
    .constdata                               0x0001af2c   Section       60  bsp.o(.constdata)
    m_leds_timer_id                          0x0001af2c   Data           4  bsp.o(.constdata)
    m_alert_timer_id                         0x0001af30   Data           4  bsp.o(.constdata)
    m_button_timer_id                        0x0001af34   Data           4  bsp.o(.constdata)
    m_buttons_list                           0x0001af38   Data          16  bsp.o(.constdata)
    app_buttons                              0x0001af48   Data          32  bsp.o(.constdata)
    .constdata                               0x0001af68   Section        4  ble_conn_params.o(.constdata)
    m_conn_params_timer_id                   0x0001af68   Data           4  ble_conn_params.o(.constdata)
    .constdata                               0x0001af6c   Section       16  ble_nus.o(.constdata)
    .constdata                               0x0001af7c   Section       32  app_uart_fifo.o(.constdata)
    .constdata                               0x0001af9c   Section       32  nrf_drv_uart.o(.constdata)
    m_default_config                         0x0001af9c   Data          32  nrf_drv_uart.o(.constdata)
    .constdata                               0x0001afbc   Section        8  app_button.o(.constdata)
    m_detection_delay_timer_id               0x0001afbc   Data           4  app_button.o(.constdata)
    .data                                    0x20002000   Section       12  main.o(.data)
    index                                    0x20002000   Data           1  main.o(.data)
    m_conn_handle                            0x20002002   Data           2  main.o(.data)
    m_adv_uuids                              0x20002004   Data           4  main.o(.data)
    data_array                               0x20002008   Data           4  main.o(.data)
    .data                                    0x2000200c   Section       24  bsp.o(.data)
    m_stable_state                           0x2000200c   Data           1  bsp.o(.data)
    current_long_push_pin_no                 0x2000200d   Data           1  bsp.o(.data)
    m_app_ticks_per_100ms                    0x20002010   Data           4  bsp.o(.data)
    m_indication_type                        0x20002014   Data           4  bsp.o(.data)
    m_alert_mask                             0x20002018   Data           4  bsp.o(.data)
    m_registered_callback                    0x2000201c   Data           4  bsp.o(.data)
    release_event_at_push                    0x20002020   Data           4  bsp.o(.data)
    .data                                    0x20002024   Section        8  bsp_btn_ble.o(.data)
    m_error_handler                          0x20002024   Data           4  bsp_btn_ble.o(.data)
    m_num_connections                        0x20002028   Data           4  bsp_btn_ble.o(.data)
    .data                                    0x2000202c   Section        4  system_nrf51.o(.data)
    __tagsym$$used                           0x2000202c   Number         0  system_nrf51.o(.data)
    .data                                    0x20002030   Section       31  ble_advertising.o(.data)
    m_advertising_start_pending              0x20002030   Data           1  ble_advertising.o(.data)
    m_whitelist_temporarily_disabled         0x20002031   Data           1  ble_advertising.o(.data)
    m_whitelist_reply_expected               0x20002032   Data           1  ble_advertising.o(.data)
    m_peer_addr_reply_expected               0x20002033   Data           1  ble_advertising.o(.data)
    m_adv_evt                                0x20002034   Data           1  ble_advertising.o(.data)
    m_adv_mode_current                       0x20002035   Data           1  ble_advertising.o(.data)
    m_tx_power_level                         0x20002036   Data           1  ble_advertising.o(.data)
    current_slave_link_conn_handle           0x20002038   Data           2  ble_advertising.o(.data)
    m_evt_handler                            0x2000203c   Data           4  ble_advertising.o(.data)
    m_error_handler                          0x20002040   Data           4  ble_advertising.o(.data)
    m_slave_conn_int                         0x20002044   Data           4  ble_advertising.o(.data)
    m_peer_address                           0x20002048   Data           7  ble_advertising.o(.data)
    .data                                    0x20002050   Section       20  ble_conn_params.o(.data)
    m_change_param                           0x20002050   Data           1  ble_conn_params.o(.data)
    m_update_count                           0x20002051   Data           1  ble_conn_params.o(.data)
    m_conn_handle                            0x20002052   Data           2  ble_conn_params.o(.data)
    m_preferred_conn_params                  0x20002054   Data           8  ble_conn_params.o(.data)
    m_current_conn_params                    0x2000205c   Data           8  ble_conn_params.o(.data)
    .data                                    0x20002064   Section        8  app_uart_fifo.o(.data)
    tx_buffer                                0x20002064   Data           1  app_uart_fifo.o(.data)
    tx_tmp                                   0x20002065   Data           1  app_uart_fifo.o(.data)
    rx_buffer                                0x20002066   Data           1  app_uart_fifo.o(.data)
    m_event_handler                          0x20002068   Data           4  app_uart_fifo.o(.data)
    .data                                    0x2000206c   Section       36  pstorage.o(.data)
    m_state                                  0x2000206c   Data           1  pstorage.o(.data)
    m_swap_sub_state                         0x2000206d   Data           1  pstorage.o(.data)
    m_next_app_instance                      0x2000206e   Data           2  pstorage.o(.data)
    m_flags                                  0x20002070   Data           4  pstorage.o(.data)
    m_next_page_addr                         0x20002074   Data           4  pstorage.o(.data)
    m_head_word_size                         0x20002078   Data           4  pstorage.o(.data)
    m_tail_word_size                         0x2000207c   Data           4  pstorage.o(.data)
    m_current_page_id                        0x20002080   Data           4  pstorage.o(.data)
    m_num_of_command_retries                 0x20002084   Data           4  pstorage.o(.data)
    m_num_of_bytes_written                   0x20002088   Data           4  pstorage.o(.data)
    m_app_data_size                          0x2000208c   Data           4  pstorage.o(.data)
    .data                                    0x20002090   Section       20  app_button.o(.data)
    m_button_count                           0x20002090   Data           1  app_button.o(.data)
    mp_buttons                               0x20002094   Data           4  app_button.o(.data)
    m_detection_delay                        0x20002098   Data           4  app_button.o(.data)
    m_pin_state                              0x2000209c   Data           4  app_button.o(.data)
    m_pin_transition                         0x200020a0   Data           4  app_button.o(.data)
    .data                                    0x200020a4   Section       32  app_timer.o(.data)
    m_user_array_size                        0x200020a4   Data           1  app_timer.o(.data)
    m_ticks_elapsed_q_read_ind               0x200020a5   Data           1  app_timer.o(.data)
    m_ticks_elapsed_q_write_ind              0x200020a6   Data           1  app_timer.o(.data)
    m_rtc1_running                           0x200020a7   Data           1  app_timer.o(.data)
    m_rtc1_reset                             0x200020a8   Data           1  app_timer.o(.data)
    mp_users                                 0x200020ac   Data           4  app_timer.o(.data)
    mp_timer_id_head                         0x200020b0   Data           4  app_timer.o(.data)
    m_ticks_latest                           0x200020b4   Data           4  app_timer.o(.data)
    m_evt_schedule_func                      0x200020b8   Data           4  app_timer.o(.data)
    m_ticks_elapsed                          0x200020bc   Data           8  app_timer.o(.data)
    .data                                    0x200020c4   Section        4  retarget.o(.data)
    .data                                    0x200020c8   Section       20  softdevice_handler.o(.data)
    m_softdevice_enabled                     0x200020c8   Data           1  softdevice_handler.o(.data)
    m_ble_evt_buffer_size                    0x200020ca   Data           2  softdevice_handler.o(.data)
    m_evt_schedule_func                      0x200020cc   Data           4  softdevice_handler.o(.data)
    mp_ble_evt_buffer                        0x200020d0   Data           4  softdevice_handler.o(.data)
    m_ble_evt_handler                        0x200020d4   Data           4  softdevice_handler.o(.data)
    m_sys_evt_handler                        0x200020d8   Data           4  softdevice_handler.o(.data)
    .bss                                     0x200020dc   Section     1088  main.o(.bss)
    BLE_EVT_BUFFER                           0x200020dc   Data          72  main.o(.bss)
    data_array                               0x20002124   Data          20  main.o(.bss)
    rx_buf                                   0x20002138   Data         256  main.o(.bss)
    tx_buf                                   0x20002238   Data         256  main.o(.bss)
    APP_TIMER_BUF                            0x20002338   Data         456  main.o(.bss)
    m_nus                                    0x20002500   Data          28  main.o(.bss)
    .bss                                     0x2000251c   Section       32  bsp.o(.bss)
    m_leds_timer_id_data                     0x2000251c   Data          32  bsp.o(.bss)
    .bss                                     0x2000253c   Section       32  bsp.o(.bss)
    m_alert_timer_id_data                    0x2000253c   Data          32  bsp.o(.bss)
    .bss                                     0x2000255c   Section       12  bsp.o(.bss)
    m_events_list                            0x2000255c   Data          12  bsp.o(.bss)
    .bss                                     0x20002568   Section       32  bsp.o(.bss)
    m_button_timer_id_data                   0x20002568   Data          32  bsp.o(.bss)
    .bss                                     0x20002588   Section      259  ble_advertising.o(.bss)
    m_advdata                                0x20002588   Data          56  ble_advertising.o(.bss)
    m_adv_modes_config                       0x200025c0   Data          36  ble_advertising.o(.bss)
    m_whitelist                              0x200025e4   Data          16  ble_advertising.o(.bss)
    mp_whitelist_addr                        0x200025f4   Data          32  ble_advertising.o(.bss)
    mp_whitelist_irk                         0x20002614   Data          32  ble_advertising.o(.bss)
    m_manuf_specific_data                    0x20002634   Data          12  ble_advertising.o(.bss)
    m_manuf_data_array                       0x20002640   Data          31  ble_advertising.o(.bss)
    m_service_data                           0x20002660   Data          12  ble_advertising.o(.bss)
    m_service_data_array                     0x2000266c   Data          31  ble_advertising.o(.bss)
    .bss                                     0x2000268c   Section       32  ble_conn_params.o(.bss)
    m_conn_params_timer_id_data              0x2000268c   Data          32  ble_conn_params.o(.bss)
    .bss                                     0x200026ac   Section       28  ble_conn_params.o(.bss)
    m_conn_params_config                     0x200026ac   Data          28  ble_conn_params.o(.bss)
    .bss                                     0x200026c8   Section       32  app_uart_fifo.o(.bss)
    m_rx_fifo                                0x200026c8   Data          16  app_uart_fifo.o(.bss)
    m_tx_fifo                                0x200026d8   Data          16  app_uart_fifo.o(.bss)
    .bss                                     0x200026e8   Section       72  nrf_drv_gpiote.o(.bss)
    m_cb                                     0x200026e8   Data          72  nrf_drv_gpiote.o(.bss)
    .bss                                     0x20002730   Section       24  nrf_drv_uart.o(.bss)
    m_cb                                     0x20002730   Data          24  nrf_drv_uart.o(.bss)
    .bss                                     0x20002748   Section      216  pstorage.o(.bss)
    m_cmd_queue                              0x20002748   Data         204  pstorage.o(.bss)
    m_app_table                              0x20002814   Data          12  pstorage.o(.bss)
    .bss                                     0x20002820   Section       32  app_button.o(.bss)
    m_detection_delay_timer_id_data          0x20002820   Data          32  app_button.o(.bss)
    STACK                                    0x20002840   Section     2048  arm_startup_nrf51.o(STACK)

    Global Symbols

    Symbol Name                              Value     Ov Type        Size  Object(Section)

    BuildAttributes$$THM_ISAv3M$S$PE$A:L22$X:L11$S22$IEEE1$IW$USESV6$~STKCKD$USESV7$~SHL$OSPACE$ROPI$EBA8$MICROLIB$REQ8$PRES8$EABIv2 0x00000000   Number         0  anon$$obj.o ABSOLUTE
    __ARM_use_no_argv                        0x00000000   Number         0  main.o ABSOLUTE
    _printf_a                                0x00000000   Number         0  stubs.o ABSOLUTE
    _printf_c                                0x00000000   Number         0  stubs.o ABSOLUTE
    _printf_charcount                        0x00000000   Number         0  stubs.o ABSOLUTE
    _printf_d                                0x00000000   Number         0  stubs.o ABSOLUTE
    _printf_e                                0x00000000   Number         0  stubs.o ABSOLUTE
    _printf_f                                0x00000000   Number         0  stubs.o ABSOLUTE
    _printf_flags                            0x00000000   Number         0  stubs.o ABSOLUTE
    _printf_fp_dec                           0x00000000   Number         0  stubs.o ABSOLUTE
    _printf_fp_hex                           0x00000000   Number         0  stubs.o ABSOLUTE
    _printf_g                                0x00000000   Number         0  stubs.o ABSOLUTE
    _printf_i                                0x00000000   Number         0  stubs.o ABSOLUTE
    _printf_int_dec                          0x00000000   Number         0  stubs.o ABSOLUTE
    _printf_l                                0x00000000   Number         0  stubs.o ABSOLUTE
    _printf_lc                               0x00000000   Number         0  stubs.o ABSOLUTE
    _printf_ll                               0x00000000   Number         0  stubs.o ABSOLUTE
    _printf_lld                              0x00000000   Number         0  stubs.o ABSOLUTE
    _printf_lli                              0x00000000   Number         0  stubs.o ABSOLUTE
    _printf_llo                              0x00000000   Number         0  stubs.o ABSOLUTE
    _printf_llu                              0x00000000   Number         0  stubs.o ABSOLUTE
    _printf_llx                              0x00000000   Number         0  stubs.o ABSOLUTE
    _printf_longlong_dec                     0x00000000   Number         0  stubs.o ABSOLUTE
    _printf_longlong_hex                     0x00000000   Number         0  stubs.o ABSOLUTE
    _printf_longlong_oct                     0x00000000   Number         0  stubs.o ABSOLUTE
    _printf_ls                               0x00000000   Number         0  stubs.o ABSOLUTE
    _printf_mbtowc                           0x00000000   Number         0  stubs.o ABSOLUTE
    _printf_n                                0x00000000   Number         0  stubs.o ABSOLUTE
    _printf_o                                0x00000000   Number         0  stubs.o ABSOLUTE
    _printf_p                                0x00000000   Number         0  stubs.o ABSOLUTE
    _printf_percent                          0x00000000   Number         0  stubs.o ABSOLUTE
    _printf_pre_padding                      0x00000000   Number         0  stubs.o ABSOLUTE
    _printf_return_value                     0x00000000   Number         0  stubs.o ABSOLUTE
    _printf_s                                0x00000000   Number         0  stubs.o ABSOLUTE
    _printf_sizespec                         0x00000000   Number         0  stubs.o ABSOLUTE
    _printf_str                              0x00000000   Number         0  stubs.o ABSOLUTE
    _printf_truncate_signed                  0x00000000   Number         0  stubs.o ABSOLUTE
    _printf_truncate_unsigned                0x00000000   Number         0  stubs.o ABSOLUTE
    _printf_u                                0x00000000   Number         0  stubs.o ABSOLUTE
    _printf_wc                               0x00000000   Number         0  stubs.o ABSOLUTE
    _printf_wctomb                           0x00000000   Number         0  stubs.o ABSOLUTE
    _printf_widthprec                        0x00000000   Number         0  stubs.o ABSOLUTE
    _printf_x                                0x00000000   Number         0  stubs.o ABSOLUTE
    __cpp_initialize__aeabi_                  - Undefined Weak Reference
    __cxa_finalize                            - Undefined Weak Reference
    __decompress                              - Undefined Weak Reference
    _clock_init                               - Undefined Weak Reference
    _microlib_exit                            - Undefined Weak Reference
    __Vectors_Size                           0x000000c0   Number         0  arm_startup_nrf51.o ABSOLUTE
    __Vectors                                0x00018000   Data           4  arm_startup_nrf51.o(RESET)
    __Vectors_End                            0x000180c0   Data           0  arm_startup_nrf51.o(RESET)
    __main                                   0x000180c1   Thumb Code     0  entry.o(.ARM.Collect$$$$00000000)
    _main_stk                                0x000180c1   Thumb Code     0  entry2.o(.ARM.Collect$$$$00000001)
    _main_scatterload                        0x000180c5   Thumb Code     0  entry5.o(.ARM.Collect$$$$00000004)
    __main_after_scatterload                 0x000180c9   Thumb Code     0  entry5.o(.ARM.Collect$$$$00000004)
    _main_clock                              0x000180c9   Thumb Code     0  entry7b.o(.ARM.Collect$$$$00000008)
    _main_cpp_init                           0x000180c9   Thumb Code     0  entry8b.o(.ARM.Collect$$$$0000000A)
    _main_init                               0x000180c9   Thumb Code     0  entry9a.o(.ARM.Collect$$$$0000000B)
    __rt_final_cpp                           0x000180d1   Thumb Code     0  entry10a.o(.ARM.Collect$$$$0000000D)
    __rt_final_exit                          0x000180d1   Thumb Code     0  entry11a.o(.ARM.Collect$$$$0000000F)
    __asm___11_app_timer_c_cd27f9c3__nrf_delay_us 0x000180d5   Thumb Code    30  app_timer.o(.emb_text)
    Reset_Handler                            0x000180f5   Thumb Code    26  arm_startup_nrf51.o(.text)
    NMI_Handler                              0x0001810f   Thumb Code     2  arm_startup_nrf51.o(.text)
    HardFault_Handler                        0x00018111   Thumb Code     2  arm_startup_nrf51.o(.text)
    SVC_Handler                              0x00018113   Thumb Code     2  arm_startup_nrf51.o(.text)
    PendSV_Handler                           0x00018115   Thumb Code     2  arm_startup_nrf51.o(.text)
    SysTick_Handler                          0x00018117   Thumb Code     2  arm_startup_nrf51.o(.text)
    ADC_IRQHandler                           0x00018119   Thumb Code     0  arm_startup_nrf51.o(.text)
    CCM_AAR_IRQHandler                       0x00018119   Thumb Code     0  arm_startup_nrf51.o(.text)
    ECB_IRQHandler                           0x00018119   Thumb Code     0  arm_startup_nrf51.o(.text)
    LPCOMP_IRQHandler                        0x00018119   Thumb Code     0  arm_startup_nrf51.o(.text)
    POWER_CLOCK_IRQHandler                   0x00018119   Thumb Code     0  arm_startup_nrf51.o(.text)
    QDEC_IRQHandler                          0x00018119   Thumb Code     0  arm_startup_nrf51.o(.text)
    RADIO_IRQHandler                         0x00018119   Thumb Code     0  arm_startup_nrf51.o(.text)
    RNG_IRQHandler                           0x00018119   Thumb Code     0  arm_startup_nrf51.o(.text)
    RTC0_IRQHandler                          0x00018119   Thumb Code     0  arm_startup_nrf51.o(.text)
    SPI0_TWI0_IRQHandler                     0x00018119   Thumb Code     0  arm_startup_nrf51.o(.text)
    SPI1_TWI1_IRQHandler                     0x00018119   Thumb Code     0  arm_startup_nrf51.o(.text)
    SWI1_IRQHandler                          0x00018119   Thumb Code     0  arm_startup_nrf51.o(.text)
    SWI3_IRQHandler                          0x00018119   Thumb Code     0  arm_startup_nrf51.o(.text)
    SWI4_IRQHandler                          0x00018119   Thumb Code     0  arm_startup_nrf51.o(.text)
    SWI5_IRQHandler                          0x00018119   Thumb Code     0  arm_startup_nrf51.o(.text)
    TEMP_IRQHandler                          0x00018119   Thumb Code     0  arm_startup_nrf51.o(.text)
    TIMER0_IRQHandler                        0x00018119   Thumb Code     0  arm_startup_nrf51.o(.text)
    TIMER1_IRQHandler                        0x00018119   Thumb Code     0  arm_startup_nrf51.o(.text)
    TIMER2_IRQHandler                        0x00018119   Thumb Code     0  arm_startup_nrf51.o(.text)
    WDT_IRQHandler                           0x00018119   Thumb Code     0  arm_startup_nrf51.o(.text)
    __aeabi_uidiv                            0x0001812d   Thumb Code     0  uidiv.o(.text)
    __aeabi_uidivmod                         0x0001812d   Thumb Code    44  uidiv.o(.text)
    __aeabi_memcpy                           0x00018159   Thumb Code    36  memcpya.o(.text)
    __aeabi_memcpy4                          0x00018159   Thumb Code     0  memcpya.o(.text)
    __aeabi_memcpy8                          0x00018159   Thumb Code     0  memcpya.o(.text)
    __aeabi_memset                           0x0001817d   Thumb Code    14  memseta.o(.text)
    __aeabi_memset4                          0x0001817d   Thumb Code     0  memseta.o(.text)
    __aeabi_memset8                          0x0001817d   Thumb Code     0  memseta.o(.text)
    __aeabi_memclr                           0x0001818b   Thumb Code     4  memseta.o(.text)
    __aeabi_memclr4                          0x0001818b   Thumb Code     0  memseta.o(.text)
    __aeabi_memclr8                          0x0001818b   Thumb Code     0  memseta.o(.text)
    _memset$wrapper                          0x0001818f   Thumb Code    18  memseta.o(.text)
    __scatterload                            0x000181a1   Thumb Code    28  init.o(.text)
    __scatterload_rt2                        0x000181a1   Thumb Code     0  init.o(.text)
    GPIOTE_IRQHandler                        0x000181c5   Thumb Code   236  nrf_drv_gpiote.o(i.GPIOTE_IRQHandler)
    RTC1_IRQHandler                          0x00018311   Thumb Code    28  app_timer.o(i.RTC1_IRQHandler)
    SWI0_IRQHandler                          0x00018331   Thumb Code     8  app_timer.o(i.SWI0_IRQHandler)
    SWI2_IRQHandler                          0x00018339   Thumb Code    32  softdevice_handler.o(i.SWI2_IRQHandler)
    SystemInit                               0x0001835d   Thumb Code    64  system_nrf51.o(i.SystemInit)
    UART0_IRQHandler                         0x000183b1   Thumb Code   244  nrf_drv_uart.o(i.UART0_IRQHandler)
    __0printf$2                              0x000184b1   Thumb Code    24  printf2.o(i.__0printf$2)
    __1printf$2                              0x000184b1   Thumb Code     0  printf2.o(i.__0printf$2)
    __2printf                                0x000184b1   Thumb Code     0  printf2.o(i.__0printf$2)
    __ARM_common_switch8                     0x000184d1   Thumb Code    26  bsp.o(i.__ARM_common_switch8)
    __scatterload_copy                       0x000184eb   Thumb Code    14  handlers.o(i.__scatterload_copy)
    __scatterload_null                       0x000184f9   Thumb Code     2  handlers.o(i.__scatterload_null)
    __scatterload_zeroinit                   0x000184fb   Thumb Code    14  handlers.o(i.__scatterload_zeroinit)
    adv_data_encode                          0x000185d3   Thumb Code   534  ble_advdata.o(i.adv_data_encode)
    app_button_enable                        0x000188a5   Thumb Code    32  app_button.o(i.app_button_enable)
    app_button_init                          0x000188c9   Thumb Code   100  app_button.o(i.app_button_init)
    app_error_handler                        0x0001893d   Thumb Code    16  app_error.o(i.app_error_handler)
    app_fifo_get                             0x00018955   Thumb Code    22  app_fifo.o(i.app_fifo_get)
    app_fifo_init                            0x0001896b   Thumb Code    36  app_fifo.o(i.app_fifo_init)
    app_fifo_put                             0x0001898f   Thumb Code    26  app_fifo.o(i.app_fifo_put)
    app_timer_create                         0x000189a9   Thumb Code    40  app_timer.o(i.app_timer_create)
    app_timer_init                           0x000189d5   Thumb Code   126  app_timer.o(i.app_timer_init)
    app_timer_start                          0x00018a65   Thumb Code   114  app_timer.o(i.app_timer_start)
    app_timer_stop                           0x00018ae1   Thumb Code    78  app_timer.o(i.app_timer_stop)
    app_uart_get                             0x00018b35   Thumb Code    44  app_uart_fifo.o(i.app_uart_get)
    app_uart_init                            0x00018b69   Thumb Code   144  app_uart_fifo.o(i.app_uart_init)
    app_uart_put                             0x00018c09   Thumb Code    30  app_uart_fifo.o(i.app_uart_put)
    ble_advdata_set                          0x00018c31   Thumb Code   104  ble_advdata.o(i.ble_advdata_set)
    ble_advertising_init                     0x00018c99   Thumb Code   284  ble_advertising.o(i.ble_advertising_init)
    ble_advertising_on_ble_evt               0x00018dbd   Thumb Code   112  ble_advertising.o(i.ble_advertising_on_ble_evt)
    ble_advertising_restart_without_whitelist 0x00018e41   Thumb Code    56  ble_advertising.o(i.ble_advertising_restart_without_whitelist)
    ble_advertising_start                    0x00018e81   Thumb Code   470  ble_advertising.o(i.ble_advertising_start)
    ble_conn_params_init                     0x00019061   Thumb Code    68  ble_conn_params.o(i.ble_conn_params_init)
    ble_conn_params_on_ble_evt               0x000190b5   Thumb Code   132  ble_conn_params.o(i.ble_conn_params_on_ble_evt)
    ble_nus_init                             0x000191cd   Thumb Code    98  ble_nus.o(i.ble_nus_init)
    ble_nus_on_ble_evt                       0x00019235   Thumb Code    88  ble_nus.o(i.ble_nus_on_ble_evt)
    ble_nus_string_send                      0x0001928d   Thumb Code    78  ble_nus.o(i.ble_nus_string_send)
    bsp_btn_ble_init                         0x000192e1   Thumb Code    80  bsp_btn_ble.o(i.bsp_btn_ble_init)
    bsp_btn_ble_on_ble_evt                   0x00019335   Thumb Code   114  bsp_btn_ble.o(i.bsp_btn_ble_on_ble_evt)
    bsp_btn_ble_sleep_mode_prepare           0x000193ad   Thumb Code    20  bsp_btn_ble.o(i.bsp_btn_ble_sleep_mode_prepare)
    bsp_button_is_pressed                    0x00019461   Thumb Code    34  bsp.o(i.bsp_button_is_pressed)
    bsp_event_handler                        0x0001948d   Thumb Code    78  main.o(i.bsp_event_handler)
    bsp_event_to_button_action_assign        0x000194e5   Thumb Code    66  bsp.o(i.bsp_event_to_button_action_assign)
    bsp_indication_set                       0x0001952d   Thumb Code    22  bsp.o(i.bsp_indication_set)
    bsp_init                                 0x00019549   Thumb Code   134  bsp.o(i.bsp_init)
    bsp_wakeup_buttons_set                   0x000197e5   Thumb Code    50  bsp.o(i.bsp_wakeup_buttons_set)
    fputc                                    0x00019b0b   Thumb Code    14  retarget.o(i.fputc)
    intern_softdevice_events_execute         0x00019b6d   Thumb Code   124  softdevice_handler.o(i.intern_softdevice_events_execute)
    main                                     0x00019e4d   Thumb Code   410  main.o(i.main)
    nrf_drv_common_irq_enable                0x0001a141   Thumb Code    78  nrf_drv_common.o(i.nrf_drv_common_irq_enable)
    nrf_drv_gpiote_in_event_enable           0x0001a1a1   Thumb Code   138  nrf_drv_gpiote.o(i.nrf_drv_gpiote_in_event_enable)
    nrf_drv_gpiote_in_init                   0x0001a241   Thumb Code   140  nrf_drv_gpiote.o(i.nrf_drv_gpiote_in_init)
    nrf_drv_gpiote_in_is_set                 0x0001a2dd   Thumb Code    16  nrf_drv_gpiote.o(i.nrf_drv_gpiote_in_is_set)
    nrf_drv_gpiote_init                      0x0001a2f1   Thumb Code    76  nrf_drv_gpiote.o(i.nrf_drv_gpiote_init)
    nrf_drv_gpiote_is_init                   0x0001a345   Thumb Code    12  nrf_drv_gpiote.o(i.nrf_drv_gpiote_is_init)
    nrf_drv_uart_init                        0x0001a355   Thumb Code   162  nrf_drv_uart.o(i.nrf_drv_uart_init)
    nrf_drv_uart_rx                          0x0001a415   Thumb Code   166  nrf_drv_uart.o(i.nrf_drv_uart_rx)
    nrf_drv_uart_rx_enable                   0x0001a4c9   Thumb Code    20  nrf_drv_uart.o(i.nrf_drv_uart_rx_enable)
    nrf_drv_uart_tx                          0x0001a4e1   Thumb Code   130  nrf_drv_uart.o(i.nrf_drv_uart_tx)
    pstorage_access_status_get               0x0001a799   Thumb Code    30  pstorage.o(i.pstorage_access_status_get)
    softdevice_assertion_handler             0x0001a9cb   Thumb Code    12  softdevice_handler.o(i.softdevice_assertion_handler)
    softdevice_ble_evt_handler_set           0x0001a9d9   Thumb Code    16  softdevice_handler.o(i.softdevice_ble_evt_handler_set)
    softdevice_handler_init                  0x0001a9ed   Thumb Code    40  softdevice_handler.o(i.softdevice_handler_init)
    uart_event_handle                        0x0001ac3d   Thumb Code    92  main.o(i.uart_event_handle)
    Region$$Table$$Base                      0x0001afc4   Number         0  anon$$obj.o(Region$$Table)
    Region$$Table$$Limit                     0x0001afe4   Number         0  anon$$obj.o(Region$$Table)
    SystemCoreClock                          0x2000202c   Data           4  system_nrf51.o(.data)
    __stdout                                 0x200020c4   Data           4  retarget.o(.data)
    __initial_sp                             0x20003040   Data           0  arm_startup_nrf51.o(STACK)



==============================================================================

Memory Map of the image

  Image Entry point : 0x000180c1

  Load Region LR_IROM1 (Base: 0x00018000, Size: 0x000030c0, Max: 0x00028000, ABSOLUTE)

    Execution Region ER_IROM1 (Base: 0x00018000, Size: 0x00002fe4, Max: 0x00028000, ABSOLUTE)

    Base Addr    Size         Type   Attr      Idx    E Section Name        Object

    0x00018000   0x000000c0   Data   RO          439    RESET               arm_startup_nrf51.o
    0x000180c0   0x00000000   Code   RO         1978  * .ARM.Collect$$$$00000000  mc_p.l(entry.o)
    0x000180c0   0x00000004   Code   RO         2254    .ARM.Collect$$$$00000001  mc_p.l(entry2.o)
    0x000180c4   0x00000004   Code   RO         2257    .ARM.Collect$$$$00000004  mc_p.l(entry5.o)
    0x000180c8   0x00000000   Code   RO         2259    .ARM.Collect$$$$00000008  mc_p.l(entry7b.o)
    0x000180c8   0x00000000   Code   RO         2261    .ARM.Collect$$$$0000000A  mc_p.l(entry8b.o)
    0x000180c8   0x00000008   Code   RO         2262    .ARM.Collect$$$$0000000B  mc_p.l(entry9a.o)
    0x000180d0   0x00000000   Code   RO         2264    .ARM.Collect$$$$0000000D  mc_p.l(entry10a.o)
    0x000180d0   0x00000000   Code   RO         2266    .ARM.Collect$$$$0000000F  mc_p.l(entry11a.o)
    0x000180d0   0x00000004   Code   RO         2255    .ARM.Collect$$$$00002712  mc_p.l(entry2.o)
    0x000180d4   0x0000001e   Code   RO         1708    .emb_text           app_timer.o
    0x000180f2   0x00000002   PAD
    0x000180f4   0x00000038   Code   RO          440    .text               arm_startup_nrf51.o
    0x0001812c   0x0000002c   Code   RO         1981    .text               mc_p.l(uidiv.o)
    0x00018158   0x00000024   Code   RO         1985    .text               mc_p.l(memcpya.o)
    0x0001817c   0x00000024   Code   RO         1987    .text               mc_p.l(memseta.o)
    0x000181a0   0x00000024   Code   RO         2281    .text               mc_p.l(init.o)
    0x000181c4   0x00000108   Code   RO          926    i.GPIOTE_IRQHandler  nrf_drv_gpiote.o
    0x000182cc   0x00000044   Code   RO         1709    i.NVIC_SetPriority  app_timer.o
    0x00018310   0x00000020   Code   RO         1710    i.RTC1_IRQHandler   app_timer.o
    0x00018330   0x00000008   Code   RO         1711    i.SWI0_IRQHandler   app_timer.o
    0x00018338   0x00000024   Code   RO         1907    i.SWI2_IRQHandler   softdevice_handler.o
    0x0001835c   0x00000054   Code   RO          447    i.SystemInit        system_nrf51.o
    0x000183b0   0x00000100   Code   RO         1121    i.UART0_IRQHandler  nrf_drv_uart.o
    0x000184b0   0x00000020   Code   RO         2060    i.__0printf$2       mc_p.l(printf2.o)
    0x000184d0   0x0000001a   Code   RO          340    i.__ARM_common_switch8  bsp.o
    0x000184ea   0x0000000e   Code   RO         2295    i.__scatterload_copy  mc_p.l(handlers.o)
    0x000184f8   0x00000002   Code   RO         2296    i.__scatterload_null  mc_p.l(handlers.o)
    0x000184fa   0x0000000e   Code   RO         2297    i.__scatterload_zeroinit  mc_p.l(handlers.o)
    0x00018508   0x000000ca   Code   RO         2067    i._printf_core      mc_p.l(printf2.o)
    0x000185d2   0x00000216   Code   RO          481    i.adv_data_encode   ble_advdata.o
    0x000187e8   0x0000003c   Code   RO          376    i.advertising_buttons_configure  bsp_btn_ble.o
    0x00018824   0x00000068   Code   RO            3    i.advertising_init  main.o
    0x0001888c   0x00000018   Code   RO          246    i.alert_timer_handler  bsp.o
    0x000188a4   0x00000024   Code   RO         1573    i.app_button_enable  app_button.o
    0x000188c8   0x00000074   Code   RO         1574    i.app_button_init   app_button.o
    0x0001893c   0x00000018   Code   RO         1633    i.app_error_handler  app_error.o
    0x00018954   0x00000016   Code   RO         1655    i.app_fifo_get      app_fifo.o
    0x0001896a   0x00000024   Code   RO         1656    i.app_fifo_init     app_fifo.o
    0x0001898e   0x0000001a   Code   RO         1657    i.app_fifo_put      app_fifo.o
    0x000189a8   0x0000002c   Code   RO         1714    i.app_timer_create  app_timer.o
    0x000189d4   0x00000090   Code   RO         1715    i.app_timer_init    app_timer.o
    0x00018a64   0x0000007c   Code   RO         1716    i.app_timer_start   app_timer.o
    0x00018ae0   0x00000054   Code   RO         1717    i.app_timer_stop    app_timer.o
    0x00018b34   0x00000034   Code   RO          788    i.app_uart_get      app_uart_fifo.o
    0x00018b68   0x000000a0   Code   RO          789    i.app_uart_init     app_uart_fifo.o
    0x00018c08   0x00000028   Code   RO          790    i.app_uart_put      app_uart_fifo.o
    0x00018c30   0x00000068   Code   RO          482    i.ble_advdata_set   ble_advdata.o
    0x00018c98   0x00000124   Code   RO          558    i.ble_advertising_init  ble_advertising.o
    0x00018dbc   0x00000074   Code   RO          559    i.ble_advertising_on_ble_evt  ble_advertising.o
    0x00018e30   0x00000010   Code   RO          562    i.ble_advertising_peer_address_clear  ble_advertising.o
    0x00018e40   0x00000040   Code   RO          563    i.ble_advertising_restart_without_whitelist  ble_advertising.o
    0x00018e80   0x000001e0   Code   RO          564    i.ble_advertising_start  ble_advertising.o
    0x00019060   0x00000054   Code   RO          649    i.ble_conn_params_init  ble_conn_params.o
    0x000190b4   0x00000090   Code   RO          650    i.ble_conn_params_on_ble_evt  ble_conn_params.o
    0x00019144   0x0000005e   Code   RO          483    i.ble_device_addr_encode  ble_advdata.o
    0x000191a2   0x00000002   PAD
    0x000191a4   0x00000028   Code   RO            5    i.ble_evt_dispatch  main.o
    0x000191cc   0x00000068   Code   RO          711    i.ble_nus_init      ble_nus.o
    0x00019234   0x00000058   Code   RO          712    i.ble_nus_on_ble_evt  ble_nus.o
    0x0001928c   0x00000054   Code   RO          713    i.ble_nus_string_send  ble_nus.o
    0x000192e0   0x00000054   Code   RO          377    i.bsp_btn_ble_init  bsp_btn_ble.o
    0x00019334   0x00000078   Code   RO          378    i.bsp_btn_ble_on_ble_evt  bsp_btn_ble.o
    0x000193ac   0x00000014   Code   RO          379    i.bsp_btn_ble_sleep_mode_prepare  bsp_btn_ble.o
    0x000193c0   0x000000a0   Code   RO          247    i.bsp_button_event_handler  bsp.o
    0x00019460   0x0000002c   Code   RO          248    i.bsp_button_is_pressed  bsp.o
    0x0001948c   0x00000058   Code   RO            6    i.bsp_event_handler  main.o
    0x000194e4   0x00000048   Code   RO          252    i.bsp_event_to_button_action_assign  bsp.o
    0x0001952c   0x0000001c   Code   RO          253    i.bsp_indication_set  bsp.o
    0x00019548   0x000000a0   Code   RO          255    i.bsp_init          bsp.o
    0x000195e8   0x000001fc   Code   RO          256    i.bsp_led_indication  bsp.o
    0x000197e4   0x0000003c   Code   RO          257    i.bsp_wakeup_buttons_set  bsp.o
    0x00019820   0x0000000c   Code   RO          258    i.button_timer_handler  bsp.o
    0x0001982c   0x0000001c   Code   RO          927    i.channel_free      nrf_drv_gpiote.o
    0x00019848   0x00000048   Code   RO          928    i.channel_port_alloc  nrf_drv_gpiote.o
    0x00019890   0x00000010   Code   RO          929    i.channel_port_get  nrf_drv_gpiote.o
    0x000198a0   0x000000a8   Code   RO         1719    i.compare_reg_update  app_timer.o
    0x00019948   0x00000088   Code   RO          484    i.conn_int_encode   ble_advdata.o
    0x000199d0   0x0000000c   Code   RO            7    i.conn_params_error_handler  main.o
    0x000199dc   0x00000068   Code   RO          652    i.conn_params_negotiation  ble_conn_params.o
    0x00019a44   0x00000060   Code   RO         1576    i.detection_delay_timeout_handler  app_button.o
    0x00019aa4   0x00000040   Code   RO         1720    i.elapsed_ticks_acquire  app_timer.o
    0x00019ae4   0x00000014   Code   RO         1660    i.fifo_get          app_fifo.o
    0x00019af8   0x00000012   Code   RO         1661    i.fifo_put          app_fifo.o
    0x00019b0a   0x0000000e   Code   RO         1874    i.fputc             retarget.o
    0x00019b18   0x00000054   Code   RO         1577    i.gpiote_event_handler  app_button.o
    0x00019b6c   0x00000080   Code   RO         1908    i.intern_softdevice_events_execute  softdevice_handler.o
    0x00019bec   0x0000001c   Code   RO          653    i.is_conn_params_ok  ble_conn_params.o
    0x00019c08   0x00000048   Code   RO          448    i.is_manual_peripheral_setup_needed  system_nrf51.o
    0x00019c50   0x00000054   Code   RO          485    i.le_role_encode    ble_advdata.o
    0x00019ca4   0x00000018   Code   RO          259    i.leds_timer_handler  bsp.o
    0x00019cbc   0x000000bc   Code   RO         1721    i.list_deletions_handler  app_timer.o
    0x00019d78   0x000000d4   Code   RO         1722    i.list_insertions_handler  app_timer.o
    0x00019e4c   0x000001ec   Code   RO            8    i.main              main.o
    0x0001a038   0x00000068   Code   RO          486    i.manuf_specific_data_encode  ble_advdata.o
    0x0001a0a0   0x0000009e   Code   RO          487    i.name_encode       ble_advdata.o
    0x0001a13e   0x00000002   PAD
    0x0001a140   0x00000060   Code   RO          900    i.nrf_drv_common_irq_enable  nrf_drv_common.o
    0x0001a1a0   0x000000a0   Code   RO          932    i.nrf_drv_gpiote_in_event_enable  nrf_drv_gpiote.o
    0x0001a240   0x0000009c   Code   RO          933    i.nrf_drv_gpiote_in_init  nrf_drv_gpiote.o
    0x0001a2dc   0x00000014   Code   RO          934    i.nrf_drv_gpiote_in_is_set  nrf_drv_gpiote.o
    0x0001a2f0   0x00000054   Code   RO          936    i.nrf_drv_gpiote_init  nrf_drv_gpiote.o
    0x0001a344   0x00000010   Code   RO          937    i.nrf_drv_gpiote_is_init  nrf_drv_gpiote.o
    0x0001a354   0x000000c0   Code   RO         1123    i.nrf_drv_uart_init  nrf_drv_uart.o
    0x0001a414   0x000000b4   Code   RO         1124    i.nrf_drv_uart_rx   nrf_drv_uart.o
    0x0001a4c8   0x00000018   Code   RO         1127    i.nrf_drv_uart_rx_enable  nrf_drv_uart.o
    0x0001a4e0   0x0000008c   Code   RO         1128    i.nrf_drv_uart_tx   nrf_drv_uart.o
    0x0001a56c   0x00000024   Code   RO          949    i.nrf_gpio_cfg      nrf_drv_gpiote.o
    0x0001a590   0x00000024   Code   RO         1131    i.nrf_gpio_cfg      nrf_drv_uart.o
    0x0001a5b4   0x00000012   Code   RO         1133    i.nrf_gpio_cfg_input  nrf_drv_uart.o
    0x0001a5c6   0x00000014   Code   RO         1134    i.nrf_gpio_cfg_output  nrf_drv_uart.o
    0x0001a5da   0x00000002   PAD
    0x0001a5dc   0x00000020   Code   RO          951    i.nrf_gpio_cfg_sense_set  nrf_drv_gpiote.o
    0x0001a5fc   0x00000014   Code   RO          952    i.nrf_gpiote_event_is_set  nrf_drv_gpiote.o
    0x0001a610   0x0000000c   Code   RO         1135    i.nrf_uart_errorsrc_get_and_clear  nrf_drv_uart.o
    0x0001a61c   0x0000000a   Code   RO         1136    i.nrf_uart_event_check  nrf_drv_uart.o
    0x0001a626   0x0000000c   Code   RO         1137    i.nrf_uart_hwfc_pins_set  nrf_drv_uart.o
    0x0001a632   0x00000010   Code   RO         1138    i.nrf_uart_int_enable_check  nrf_drv_uart.o
    0x0001a642   0x0000000c   Code   RO         1139    i.nrf_uart_txrx_pins_set  nrf_drv_uart.o
    0x0001a64e   0x00000002   PAD
    0x0001a650   0x00000034   Code   RO            9    i.nus_data_handler  main.o
    0x0001a684   0x00000024   Code   RO           10    i.on_adv_evt        main.o
    0x0001a6a8   0x00000070   Code   RO           11    i.on_ble_evt        main.o
    0x0001a718   0x00000024   Code   RO           12    i.on_conn_params_evt  main.o
    0x0001a73c   0x00000016   Code   RO          566    i.peer_address_exists  ble_advertising.o
    0x0001a752   0x00000002   PAD
    0x0001a754   0x00000014   Code   RO          953    i.pin_in_use_by_gpiote  nrf_drv_gpiote.o
    0x0001a768   0x00000018   Code   RO          954    i.pin_in_use_by_port  nrf_drv_gpiote.o
    0x0001a780   0x00000018   Code   RO          955    i.pin_in_use_by_te  nrf_drv_gpiote.o
    0x0001a798   0x00000028   Code   RO         1301    i.pstorage_access_status_get  pstorage.o
    0x0001a7c0   0x00000044   Code   RO         1723    i.rtc1_stop         app_timer.o
    0x0001a804   0x0000002c   Code   RO         1140    i.rx_byte           nrf_drv_uart.o
    0x0001a830   0x0000009a   Code   RO          714    i.rx_char_add       ble_nus.o
    0x0001a8ca   0x00000002   PAD
    0x0001a8cc   0x00000020   Code   RO         1141    i.rx_done_event     nrf_drv_uart.o
    0x0001a8ec   0x0000001c   Code   RO         1142    i.rx_enable         nrf_drv_uart.o
    0x0001a908   0x0000008e   Code   RO          488    i.service_data_encode  ble_advdata.o
    0x0001a996   0x00000034   Code   RO           13    i.sleep_mode_enter  main.o
    0x0001a9ca   0x0000000c   Code   RO         1909    i.softdevice_assertion_handler  softdevice_handler.o
    0x0001a9d6   0x00000002   PAD
    0x0001a9d8   0x00000014   Code   RO         1910    i.softdevice_ble_evt_handler_set  softdevice_handler.o
    0x0001a9ec   0x00000030   Code   RO         1911    i.softdevice_handler_init  softdevice_handler.o
    0x0001aa1c   0x00000084   Code   RO         1724    i.timer_list_handler  app_timer.o
    0x0001aaa0   0x00000010   Code   RO         1725    i.timer_list_handler_sched  app_timer.o
    0x0001aab0   0x00000040   Code   RO         1726    i.timer_list_insert  app_timer.o
    0x0001aaf0   0x00000084   Code   RO         1727    i.timer_timeouts_check  app_timer.o
    0x0001ab74   0x0000002c   Code   RO         1143    i.tx_byte           nrf_drv_uart.o
    0x0001aba0   0x0000007c   Code   RO          715    i.tx_char_add       ble_nus.o
    0x0001ac1c   0x00000020   Code   RO         1144    i.tx_done_event     nrf_drv_uart.o
    0x0001ac3c   0x00000068   Code   RO           14    i.uart_event_handle  main.o
    0x0001aca4   0x000000a4   Code   RO          791    i.uart_event_handler  app_uart_fifo.o
    0x0001ad48   0x0000000a   Code   RO          489    i.uint16_encode     ble_advdata.o
    0x0001ad52   0x00000002   PAD
    0x0001ad54   0x00000064   Code   RO          654    i.update_timeout_handler  ble_conn_params.o
    0x0001adb8   0x00000054   Code   RO         1728    i.user_id_get       app_timer.o
    0x0001ae0c   0x00000026   Code   RO         1729    i.user_op_alloc     app_timer.o
    0x0001ae32   0x00000030   Code   RO          490    i.uuid_list_encode  ble_advdata.o
    0x0001ae62   0x000000ae   Code   RO          491    i.uuid_list_sized_encode  ble_advdata.o
    0x0001af10   0x00000010   Code   RO          567    i.whitelist_has_entries  ble_advertising.o
    0x0001af20   0x0000000c   Data   RO           16    .constdata          main.o
    0x0001af2c   0x0000003c   Data   RO          264    .constdata          bsp.o
    0x0001af68   0x00000004   Data   RO          657    .constdata          ble_conn_params.o
    0x0001af6c   0x00000010   Data   RO          716    .constdata          ble_nus.o
    0x0001af7c   0x00000020   Data   RO          793    .constdata          app_uart_fifo.o
    0x0001af9c   0x00000020   Data   RO         1146    .constdata          nrf_drv_uart.o
    0x0001afbc   0x00000008   Data   RO         1579    .constdata          app_button.o
    0x0001afc4   0x00000020   Data   RO         2293    Region$$Table       anon$$obj.o


    Execution Region RW_IRAM1 (Base: 0x20002000, Size: 0x00001040, Max: 0x00002000, ABSOLUTE)

    Base Addr    Size         Type   Attr      Idx    E Section Name        Object

    0x20002000   0x0000000c   Data   RW           17    .data               main.o
    0x2000200c   0x00000018   Data   RW          265    .data               bsp.o
    0x20002024   0x00000008   Data   RW          380    .data               bsp_btn_ble.o
    0x2000202c   0x00000004   Data   RW          449    .data               system_nrf51.o
    0x20002030   0x0000001f   Data   RW          569    .data               ble_advertising.o
    0x2000204f   0x00000001   PAD
    0x20002050   0x00000014   Data   RW          658    .data               ble_conn_params.o
    0x20002064   0x00000008   Data   RW          794    .data               app_uart_fifo.o
    0x2000206c   0x00000024   Data   RW         1326    .data               pstorage.o
    0x20002090   0x00000014   Data   RW         1580    .data               app_button.o
    0x200020a4   0x00000020   Data   RW         1730    .data               app_timer.o
    0x200020c4   0x00000004   Data   RW         1875    .data               retarget.o
    0x200020c8   0x00000014   Data   RW         1915    .data               softdevice_handler.o
    0x200020dc   0x00000440   Zero   RW           15    .bss                main.o
    0x2000251c   0x00000020   Zero   RW          260    .bss                bsp.o
    0x2000253c   0x00000020   Zero   RW          261    .bss                bsp.o
    0x2000255c   0x0000000c   Zero   RW          262    .bss                bsp.o
    0x20002568   0x00000020   Zero   RW          263    .bss                bsp.o
    0x20002588   0x00000103   Zero   RW          568    .bss                ble_advertising.o
    0x2000268b   0x00000001   PAD
    0x2000268c   0x00000020   Zero   RW          655    .bss                ble_conn_params.o
    0x200026ac   0x0000001c   Zero   RW          656    .bss                ble_conn_params.o
    0x200026c8   0x00000020   Zero   RW          792    .bss                app_uart_fifo.o
    0x200026e8   0x00000048   Zero   RW          956    .bss                nrf_drv_gpiote.o
    0x20002730   0x00000018   Zero   RW         1145    .bss                nrf_drv_uart.o
    0x20002748   0x000000d8   Zero   RW         1324    .bss                pstorage.o
    0x20002820   0x00000020   Zero   RW         1578    .bss                app_button.o
    0x20002840   0x00000800   Zero   RW          437    STACK               arm_startup_nrf51.o


==============================================================================

Image component sizes


      Code (inc. data)   RO Data    RW Data    ZI Data      Debug   Object Name

       332         34          8         20         32       8274   app_button.o
        24          8          0          0          0       6720   app_error.o
       122          0          0          0          0       3694   app_fifo.o
      1700        152          0         32          0      25071   app_timer.o
       416         42         32          8         32      14202   app_uart_fifo.o
        56         18        192          0       2048        692   arm_startup_nrf51.o
      1588          6          0          0          0      16232   ble_advdata.o
      1006         34          0         31        259      12308   ble_advertising.o
       460         58          4         20         60      12348   ble_conn_params.o
       554         12         16          0          0       6070   ble_nus.o
      1118        120         60         24        108      35749   bsp.o
       284         10          0          8          0      34141   bsp_btn_ble.o
      1128        134         12         12       1088      68231   main.o
        96         18          0          0          0       7412   nrf_drv_common.o
       972        130          0          0         72      19980   nrf_drv_gpiote.o
      1108        118         32          0         24      22176   nrf_drv_uart.o
        40         10          0         36        216       9357   pstorage.o
        14          0          0          4          0       2610   retarget.o
       244         20          0         20          0       9259   softdevice_handler.o
       156         26          0          4          0       2071   system_nrf51.o

    ----------------------------------------------------------------------
     11436        950        388        220       3940     316597   Object Totals
         0          0         32          0          0          0   (incl. Generated)
        18          0          0          1          1          0   (incl. Padding)

    ----------------------------------------------------------------------

      Code (inc. data)   RO Data    RW Data    ZI Data      Debug   Library Member Name

         0          0          0          0          0          0   entry.o
         0          0          0          0          0          0   entry10a.o
         0          0          0          0          0          0   entry11a.o
         8          4          0          0          0          0   entry2.o
         4          0          0          0          0          0   entry5.o
         0          0          0          0          0          0   entry7b.o
         0          0          0          0          0          0   entry8b.o
         8          4          0          0          0          0   entry9a.o
        30          0          0          0          0          0   handlers.o
        36          8          0          0          0         68   init.o
        36          0          0          0          0         60   memcpya.o
        36          0          0          0          0        100   memseta.o
       234          8          0          0          0        164   printf2.o
        44          0          0          0          0         72   uidiv.o

    ----------------------------------------------------------------------
       436         24          0          0          0        464   Library Totals
         0          0          0          0          0          0   (incl. Padding)

    ----------------------------------------------------------------------

      Code (inc. data)   RO Data    RW Data    ZI Data      Debug   Library Name

       436         24          0          0          0        464   mc_p.l

    ----------------------------------------------------------------------
       436         24          0          0          0        464   Library Totals

    ----------------------------------------------------------------------

==============================================================================


      Code (inc. data)   RO Data    RW Data    ZI Data      Debug   

     11872        974        388        220       3940     311237   Grand Totals
     11872        974        388        220       3940     311237   ELF Image Totals
     11872        974        388        220          0          0   ROM Totals

==============================================================================

    Total RO  Size (Code + RO Data)                12260 (  11.97kB)
    Total RW  Size (RW Data + ZI Data)              4160 (   4.06kB)
    Total ROM Size (Code + RO Data + RW Data)      12480 (  12.19kB)

==============================================================================

