<html>
<body>
<pre>
<h1>µVision Build Log</h1>
<h2>Project:</h2>
D:\App\Nordic\DeviceDownload\nRF51SDK1000dc26b5e\examples\ble_peripheral\ble_app_uart\pca10028\s110\arm4\ble_app_uart_s110_pca10028.uvproj
Project File Date:  01/04/2019

<h2>Output:</h2>
Rebuild target 'nrf51422_xxac_s110'
compiling main.c...
compiling bsp.c...
compiling bsp_btn_ble.c...
assembling arm_startup_nrf51.s...
compiling system_nrf51.c...
compiling ble_advdata.c...
compiling ble_advertising.c...
compiling ble_conn_params.c...
compiling ble_nus.c...
compiling ble_srv_common.c...
compiling app_uart_fifo.c...
compiling nrf_delay.c...
compiling nrf_drv_common.c...
compiling nrf_drv_gpiote.c...
compiling nrf_drv_uart.c...
compiling pstorage.c...
compiling twi_hw_master.c...
compiling app_button.c...
compiling app_error.c...
compiling app_fifo.c...
compiling app_timer.c...
compiling app_trace.c...
compiling nrf_assert.c...
compiling retarget.c...
compiling app_scheduler.c...
compiling softdevice_handler.c...
compiling mpu6050.c...
linking...
Program Size: Code=12908 RO-data=388 RW-data=220 ZI-data=3996  
FromELF: creating hex file...
".\_build\nrf51422_xxac_s110.axf" - 0 Error(s), 0 Warning(s).
Load "D:\\App\\Nordic\\DeviceDownload\\nRF51SDK1000dc26b5e\\examples\\ble_peripheral\\ble_app_uart\\pca10028\\s110\\arm4\\_build\\nrf51422_xxac_s110.axf" 
* JLink Info: Device "UNSPECIFIED" selected (0 KB flash, 0 KB RAM).
Set JLink Project File to "D:\App\Nordic\DeviceDownload\nRF51SDK1000dc26b5e\examples\ble_peripheral\ble_app_uart\pca10028\s110\arm4\JLinkSettings.ini"
* JLink Info: Device "UNSPECIFIED" selected (0 KB flash, 0 KB RAM).
 
JLink info:
------------
DLL: V4.76d, compiled Sep 13 2013 16:35:06
Firmware: J-Link V9 compiled Jul 19 2017 16:11:45
Hardware: V9.40
S/N : 59404355 
Feature(s) : RDI, GDB, FlashDL, FlashBP, JFlash 
 
Error: Flash Download failed  -  Target DLL has been cancelled
an.
* JLink Info: FPUnit: 4 code (BP) slots and 0 literal slots
ROMTableAddr = 0xE00FF003
 
Target info:
------------
Device: nRF51422_xxAC
VTarget = 3.343V
State of Pins: 
TCK: 0, TDI: 0, TDO: 1, TMS: 1, TRES: 1, TRST: 1
Hardware-Breakpoints: 4
Software-Breakpoints: 8192
Watchpoints:          2
JTAG speed: 1000 kHz
 
Erase Done.
Programming Done.
Verify OK.
Application running ...
